Archive member included to satisfy reference by file (symbol)

D:/STM32CubeIDE_1.16.1/STM32CubeIDE/plugins/com.st.stm32cube.ide.mcu.externaltools.gnu-tools-for-stm32.12.3.rel1.win32_1.0.200.202406191623/tools/bin/../lib/gcc/arm-none-eabi/12.3.1/../../../../arm-none-eabi/lib/thumb/v7e-m+fp/hard\libc_nano.a(libc_a-exit.o)
                              D:/STM32CubeIDE_1.16.1/STM32CubeIDE/plugins/com.st.stm32cube.ide.mcu.externaltools.gnu-tools-for-stm32.12.3.rel1.win32_1.0.200.202406191623/tools/bin/../lib/gcc/arm-none-eabi/12.3.1/../../../../arm-none-eabi/lib/thumb/v7e-m+fp/hard/crt0.o (exit)
D:/STM32CubeIDE_1.16.1/STM32CubeIDE/plugins/com.st.stm32cube.ide.mcu.externaltools.gnu-tools-for-stm32.12.3.rel1.win32_1.0.200.202406191623/tools/bin/../lib/gcc/arm-none-eabi/12.3.1/../../../../arm-none-eabi/lib/thumb/v7e-m+fp/hard\libc_nano.a(libc_a-findfp.o)
                              D:/STM32CubeIDE_1.16.1/STM32CubeIDE/plugins/com.st.stm32cube.ide.mcu.externaltools.gnu-tools-for-stm32.12.3.rel1.win32_1.0.200.202406191623/tools/bin/../lib/gcc/arm-none-eabi/12.3.1/../../../../arm-none-eabi/lib/thumb/v7e-m+fp/hard\libc_nano.a(libc_a-exit.o) (__stdio_exit_handler)
D:/STM32CubeIDE_1.16.1/STM32CubeIDE/plugins/com.st.stm32cube.ide.mcu.externaltools.gnu-tools-for-stm32.12.3.rel1.win32_1.0.200.202406191623/tools/bin/../lib/gcc/arm-none-eabi/12.3.1/../../../../arm-none-eabi/lib/thumb/v7e-m+fp/hard\libc_nano.a(libc_a-fwalk.o)
                              D:/STM32CubeIDE_1.16.1/STM32CubeIDE/plugins/com.st.stm32cube.ide.mcu.externaltools.gnu-tools-for-stm32.12.3.rel1.win32_1.0.200.202406191623/tools/bin/../lib/gcc/arm-none-eabi/12.3.1/../../../../arm-none-eabi/lib/thumb/v7e-m+fp/hard\libc_nano.a(libc_a-findfp.o) (_fwalk_sglue)
D:/STM32CubeIDE_1.16.1/STM32CubeIDE/plugins/com.st.stm32cube.ide.mcu.externaltools.gnu-tools-for-stm32.12.3.rel1.win32_1.0.200.202406191623/tools/bin/../lib/gcc/arm-none-eabi/12.3.1/../../../../arm-none-eabi/lib/thumb/v7e-m+fp/hard\libc_nano.a(libc_a-stdio.o)
                              D:/STM32CubeIDE_1.16.1/STM32CubeIDE/plugins/com.st.stm32cube.ide.mcu.externaltools.gnu-tools-for-stm32.12.3.rel1.win32_1.0.200.202406191623/tools/bin/../lib/gcc/arm-none-eabi/12.3.1/../../../../arm-none-eabi/lib/thumb/v7e-m+fp/hard\libc_nano.a(libc_a-findfp.o) (__sread)
D:/STM32CubeIDE_1.16.1/STM32CubeIDE/plugins/com.st.stm32cube.ide.mcu.externaltools.gnu-tools-for-stm32.12.3.rel1.win32_1.0.200.202406191623/tools/bin/../lib/gcc/arm-none-eabi/12.3.1/../../../../arm-none-eabi/lib/thumb/v7e-m+fp/hard\libc_nano.a(libc_a-vsnprintf.o)
                              ./Core/Src/frame.o (vsnprintf)
D:/STM32CubeIDE_1.16.1/STM32CubeIDE/plugins/com.st.stm32cube.ide.mcu.externaltools.gnu-tools-for-stm32.12.3.rel1.win32_1.0.200.202406191623/tools/bin/../lib/gcc/arm-none-eabi/12.3.1/../../../../arm-none-eabi/lib/thumb/v7e-m+fp/hard\libc_nano.a(libc_a-memcmp.o)
                              ./Core/Src/frame.o (memcmp)
D:/STM32CubeIDE_1.16.1/STM32CubeIDE/plugins/com.st.stm32cube.ide.mcu.externaltools.gnu-tools-for-stm32.12.3.rel1.win32_1.0.200.202406191623/tools/bin/../lib/gcc/arm-none-eabi/12.3.1/../../../../arm-none-eabi/lib/thumb/v7e-m+fp/hard\libc_nano.a(libc_a-memset.o)
                              D:/STM32CubeIDE_1.16.1/STM32CubeIDE/plugins/com.st.stm32cube.ide.mcu.externaltools.gnu-tools-for-stm32.12.3.rel1.win32_1.0.200.202406191623/tools/bin/../lib/gcc/arm-none-eabi/12.3.1/../../../../arm-none-eabi/lib/thumb/v7e-m+fp/hard/crt0.o (memset)
D:/STM32CubeIDE_1.16.1/STM32CubeIDE/plugins/com.st.stm32cube.ide.mcu.externaltools.gnu-tools-for-stm32.12.3.rel1.win32_1.0.200.202406191623/tools/bin/../lib/gcc/arm-none-eabi/12.3.1/../../../../arm-none-eabi/lib/thumb/v7e-m+fp/hard\libc_nano.a(libc_a-strncpy.o)
                              ./Core/Src/frame.o (strncpy)
D:/STM32CubeIDE_1.16.1/STM32CubeIDE/plugins/com.st.stm32cube.ide.mcu.externaltools.gnu-tools-for-stm32.12.3.rel1.win32_1.0.200.202406191623/tools/bin/../lib/gcc/arm-none-eabi/12.3.1/../../../../arm-none-eabi/lib/thumb/v7e-m+fp/hard\libc_nano.a(libc_a-closer.o)
                              D:/STM32CubeIDE_1.16.1/STM32CubeIDE/plugins/com.st.stm32cube.ide.mcu.externaltools.gnu-tools-for-stm32.12.3.rel1.win32_1.0.200.202406191623/tools/bin/../lib/gcc/arm-none-eabi/12.3.1/../../../../arm-none-eabi/lib/thumb/v7e-m+fp/hard\libc_nano.a(libc_a-stdio.o) (_close_r)
D:/STM32CubeIDE_1.16.1/STM32CubeIDE/plugins/com.st.stm32cube.ide.mcu.externaltools.gnu-tools-for-stm32.12.3.rel1.win32_1.0.200.202406191623/tools/bin/../lib/gcc/arm-none-eabi/12.3.1/../../../../arm-none-eabi/lib/thumb/v7e-m+fp/hard\libc_nano.a(libc_a-reent.o)
                              D:/STM32CubeIDE_1.16.1/STM32CubeIDE/plugins/com.st.stm32cube.ide.mcu.externaltools.gnu-tools-for-stm32.12.3.rel1.win32_1.0.200.202406191623/tools/bin/../lib/gcc/arm-none-eabi/12.3.1/../../../../arm-none-eabi/lib/thumb/v7e-m+fp/hard\libc_nano.a(libc_a-closer.o) (errno)
[...]
Memory Configuration

Name             Origin             Length             Attributes
RAM              0x20000000         0x00018000         xrw
RAM2             0x10000000         0x00008000         xrw
FLASH            0x08000000         0x00100000         xr
*default*        0x00000000         0xffffffff

Linker script and memory map

LOAD D:/STM32CubeIDE_1.16.1/STM32CubeIDE/plugins/com.st.stm32cube.ide.mcu.externaltools.gnu-tools-for-stm32.12.3.rel1.win32_1.0.200.202406191623/tools/bin/../lib/gcc/arm-none-eabi/12.3.1/thumb/v7e-m+fp/hard/crti.o
LOAD D:/STM32CubeIDE_1.16.1/STM32CubeIDE/plugins/com.st.stm32cube.ide.mcu.externaltools.gnu-tools-for-stm32.12.3.rel1.win32_1.0.200.202406191623/tools/bin/../lib/gcc/arm-none-eabi/12.3.1/thumb/v7e-m+fp/hard/crtbegin.o
LOAD D:/STM32CubeIDE_1.16.1/STM32CubeIDE/plugins/com.st.stm32cube.ide.mcu.externaltools.gnu-tools-for-stm32.12.3.rel1.win32_1.0.200.202406191623/tools/bin/../lib/gcc/arm-none-eabi/12.3.1/../../../../arm-none-eabi/lib/thumb/v7e-m+fp/hard/crt0.o
LOAD ./Core/Src/USART_ringbuffer.o
LOAD ./Core/Src/crc.o
LOAD ./Core/Src/dma.o
LOAD ./Core/Src/frame.o
LOAD ./Core/Src/gpio.o
LOAD ./Core/Src/lcd.o
LOAD ./Core/Src/main.o
LOAD ./Core/Src/spi.o
LOAD ./Core/Src/stm32l4xx_hal_msp.o
LOAD ./Core/Src/stm32l4xx_it.o
LOAD ./Core/Src/syscalls.o
LOAD ./Core/Src/sysmem.o
LOAD ./Core/Src/system_stm32l4xx.o
LOAD ./Core/Src/usart.o
LOAD ./Core/Startup/startup_stm32l476rgtx.o
LOAD ./Drivers/STM32L4xx_HAL_Driver/Src/stm32l4xx_hal.o
LOAD ./Drivers/STM32L4xx_HAL_Driver/Src/stm32l4xx_hal_cortex.o
LOAD ./Drivers/STM32L4xx_HAL_Driver/Src/stm32l4xx_hal_dma.o
LOAD ./Drivers/STM32L4xx_HAL_Driver/Src/stm32l4xx_hal_dma_ex.o
LOAD ./Drivers/STM32L4xx_HAL_Driver/Src/stm32l4xx_hal_exti.o
LOAD ./Drivers/STM32L4xx_HAL_Driver/Src/stm32l4xx_hal_flash.o
LOAD ./Drivers/STM32L4xx_HAL_Driver/Src/stm32l4xx_hal_flash_ex.o
LOAD ./Drivers/STM32L4xx_HAL_Driver/Src/stm32l4xx_hal_flash_ramfunc.o
LOAD ./Drivers/STM32L4xx_HAL_Driver/Src/stm32l4xx_hal_gpio.o
LOAD ./Drivers/STM32L4xx_HAL_Driver/Src/stm32l4xx_hal_i2c.o
LOAD ./Drivers/STM32L4xx_HAL_Driver/Src/stm32l4xx_hal_i2c_ex.o
LOAD ./Drivers/STM32L4xx_HAL_Driver/Src/stm32l4xx_hal_pwr.o
LOAD ./Drivers/STM32L4xx_HAL_Driver/Src/stm32l4xx_hal_pwr_ex.o
LOAD ./Drivers/STM32L4xx_HAL_Driver/Src/stm32l4xx_hal_rcc.o
LOAD ./Drivers/STM32L4xx_HAL_Driver/Src/stm32l4xx_hal_rcc_ex.o
LOAD ./Drivers/STM32L4xx_HAL_Driver/Src/stm32l4xx_hal_spi.o
LOAD ./Drivers/STM32L4xx_HAL_Driver/Src/stm32l4xx_hal_spi_ex.o
LOAD ./Drivers/STM32L4xx_HAL_Driver/Src/stm32l4xx_hal_tim.o
LOAD ./Drivers/STM32L4xx_HAL_Driver/Src/stm32l4xx_hal_tim_ex.o
LOAD ./Drivers/STM32L4xx_HAL_Driver/Src/stm32l4xx_hal_uart.o
LOAD ./Drivers/STM32L4xx_HAL_Driver/Src/stm32l4xx_hal_uart_ex.o
LOAD ./hagl/src/bitmap.o
LOAD ./hagl/src/clip.o
LOAD ./hagl/src/fontx.o
LOAD ./hagl/src/hagl.o
LOAD ./hagl/src/hsl.o
LOAD ./hagl/src/rgb565.o
LOAD ./hagl/src/rgb888.o
LOAD ./hagl/src/tjpgd.o
START GROUP
LOAD D:/STM32CubeIDE_1.16.1/STM32CubeIDE/plugins/com.st.stm32cube.ide.mcu.externaltools.gnu-tools-for-stm32.12.3.rel1.win32_1.0.200.202406191623/tools/bin/../lib/gcc/arm-none-eabi/12.3.1/../../../../arm-none-eabi/lib/thumb/v7e-m+fp/hard\libc_nano.a
LOAD D:/STM32CubeIDE_1.16.1/STM32CubeIDE/plugins/com.st.stm32cube.ide.mcu.externaltools.gnu-tools-for-stm32.12.3.rel1.win32_1.0.200.202406191623/tools/bin/../lib/gcc/arm-none-eabi/12.3.1/../../../../arm-none-eabi/lib/thumb/v7e-m+fp/hard\libm.a
END GROUP
START GROUP
LOAD D:/STM32CubeIDE_1.16.1/STM32CubeIDE/plugins/com.st.stm32cube.ide.mcu.externaltools.gnu-tools-for-stm32.12.3.rel1.win32_1.0.200.202406191623/tools/bin/../lib/gcc/arm-none-eabi/12.3.1/thumb/v7e-m+fp/hard\libgcc.a
LOAD D:/STM32CubeIDE_1.16.1/STM32CubeIDE/plugins/com.st.stm32cube.ide.mcu.externaltools.gnu-tools-for-stm32.12.3.rel1.win32_1.0.200.202406191623/tools/bin/../lib/gcc/arm-none-eabi/12.3.1/../../../../arm-none-eabi/lib/thumb/v7e-m+fp/hard\libc_nano.a
END GROUP
START GROUP
LOAD D:/STM32CubeIDE_1.16.1/STM32CubeIDE/plugins/com.st.stm32cube.ide.mcu.externaltools.gnu-tools-for-stm32.12.3.rel1.win32_1.0.200.202406191623/tools/bin/../lib/gcc/arm-none-eabi/12.3.1/thumb/v7e-m+fp/hard\libgcc.a
LOAD D:/STM32CubeIDE_1.16.1/STM32CubeIDE/plugins/com.st.stm32cube.ide.mcu.externaltools.gnu-tools-for-stm32.12.3.rel1.win32_1.0.200.202406191623/tools/bin/../lib/gcc/arm-none-eabi/12.3.1/../../../../arm-none-eabi/lib/thumb/v7e-m+fp/hard\libc_nano.a
LOAD D:/STM32CubeIDE_1.16.1/STM32CubeIDE/plugins/com.st.stm32cube.ide.mcu.externaltools.gnu-tools-for-stm32.12.3.rel1.win32_1.0.200.202406191623/tools/bin/../lib/gcc/arm-none-eabi/12.3.1/../../../../arm-none-eabi/lib/thumb/v7e-m+fp/hard\libnosys.a
END GROUP
START GROUP
LOAD D:/STM32CubeIDE_1.16.1/STM32CubeIDE/plugins/com.st.stm32cube.ide.mcu.externaltools.gnu-tools-for-stm32.12.3.rel1.win32_1.0.200.202406191623/tools/bin/../lib/gcc/arm-none-eabi/12.3.1/thumb/v7e-m+fp/hard\libgcc.a
LOAD D:/STM32CubeIDE_1.16.1/STM32CubeIDE/plugins/com.st.stm32cube.ide.mcu.externaltools.gnu-tools-for-stm32.12.3.rel1.win32_1.0.200.202406191623/tools/bin/../lib/gcc/arm-none-eabi/12.3.1/../../../../arm-none-eabi/lib/thumb/v7e-m+fp/hard\libc_nano.a
LOAD D:/STM32CubeIDE_1.16.1/STM32CubeIDE/plugins/com.st.stm32cube.ide.mcu.externaltools.gnu-tools-for-stm32.12.3.rel1.win32_1.0.200.202406191623/tools/bin/../lib/gcc/arm-none-eabi/12.3.1/../../../../arm-none-eabi/lib/thumb/v7e-m+fp/hard\libnosys.a
END GROUP
LOAD D:/STM32CubeIDE_1.16.1/STM32CubeIDE/plugins/com.st.stm32cube.ide.mcu.externaltools.gnu-tools-for-stm32.12.3.rel1.win32_1.0.200.202406191623/tools/bin/../lib/gcc/arm-none-eabi/12.3.1/thumb/v7e-m+fp/hard/crtend.o
LOAD D:/STM32CubeIDE_1.16.1/STM32CubeIDE/plugins/com.st.stm32cube.ide.mcu.externaltools.gnu-tools-for-stm32.12.3.rel1.win32_1.0.200.202406191623/tools/bin/../lib/gcc/arm-none-eabi/12.3.1/thumb/v7e-m+fp/hard/crtn.o
                0x20018000                        _estack = (ORIGIN (RAM) + LENGTH (RAM))
                0x00000300                        _Min_Heap_Size = 0x300
                0x00001000                        _Min_Stack_Size = 0x1000

.isr_vector     0x08000000      0x188
                0x08000000                        . = ALIGN (0x4)
 *(.isr_vector)
 .isr_vector    0x08000000      0x188 ./Core/Startup/startup_stm32l476rgtx.o
                0x08000000                g_pfnVectors
                0x08000188                        . = ALIGN (0x4)

.text           0x08000190     0x882c
                0x08000190                        . = ALIGN (0x4)
 *(.text)
 .text          0x08000190       0x40 D:/STM32CubeIDE_1.16.1/STM32CubeIDE/plugins/com.st.stm32cube.ide.mcu.externaltools.gnu-tools-for-stm32.12.3.rel1.win32_1.0.200.202406191623/tools/bin/../lib/gcc/arm-none-eabi/12.3.1/thumb/v7e-m+fp/hard/crtbegin.o
 .text          0x080001d0       0x10 D:/STM32CubeIDE_1.16.1/STM32CubeIDE/plugins/com.st.stm32cube.ide.mcu.externaltools.gnu-tools-for-stm32.12.3.rel1.win32_1.0.200.202406191623/tools/bin/../lib/gcc/arm-none-eabi/12.3.1/../../../../arm-none-eabi/lib/thumb/v7e-m+fp/hard\libc_nano.a(libc_a-strlen.o)
                0x080001d0                strlen
 .text          0x080001e0       0xa0 D:/STM32CubeIDE_1.16.1/STM32CubeIDE/plugins/com.st.stm32cube.ide.mcu.externaltools.gnu-tools-for-stm32.12.3.rel1.win32_1.0.200.202406191623/tools/bin/../lib/gcc/arm-none-eabi/12.3.1/../../../../arm-none-eabi/lib/thumb/v7e-m+fp/hard\libc_nano.a(libc_a-memchr.o)
                0x080001e0                memchr
 .text          0x08000280       0x30 D:/STM32CubeIDE_1.16.1/STM32CubeIDE/plugins/com.st.stm32cube.ide.mcu.externaltools.gnu-tools-for-stm32.12.3.rel1.win32_1.0.200.202406191623/tools/bin/../lib/gcc/arm-none-eabi/12.3.1/thumb/v7e-m+fp/hard\libgcc.a(_aeabi_uldivmod.o)
                0x08000280                __aeabi_uldivmod
 .text          0x080002b0      0x2bc D:/STM32CubeIDE_1.16.1/STM32CubeIDE/plugins/com.st.stm32cube.ide.mcu.externaltools.gnu-tools-for-stm32.12.3.rel1.win32_1.0.200.202406191623/tools/bin/../lib/gcc/arm-none-eabi/12.3.1/thumb/v7e-m+fp/hard\libgcc.a(_udivmoddi4.o)
                0x080002b0                __udivmoddi4
 .text          0x0800056c        0x4 D:/STM32CubeIDE_1.16.1/STM32CubeIDE/plugins/com.st.stm32cube.ide.mcu.externaltools.gnu-tools-for-stm32.12.3.rel1.win32_1.0.200.202406191623/tools/bin/../lib/gcc/arm-none-eabi/12.3.1/thumb/v7e-m+fp/hard\libgcc.a(_dvmd_tls.o)
                0x0800056c                __aeabi_idiv0
                0x0800056c                __aeabi_ldiv0
 *(.text*)
 .text.ringBufferSetup
                0x08000570       0x30 ./Core/Src/USART_ringbuffer.o
                0x08000570                ringBufferSetup
 .text.USART_kbhit
                0x080005a0       0x24 ./Core/Src/USART_ringbuffer.o
                0x080005a0                USART_kbhit
 .text.USART_getchar
                0x080005c4       0x54 ./Core/Src/USART_ringbuffer.o
                0x080005c4                USART_getchar
 .text.USART_sendFrame
                0x08000618       0xc0 ./Core/Src/USART_ringbuffer.o
                0x08000618                USART_sendFrame
 .text.calculateCrc16
                0x080006d8       0x7c ./Core/Src/crc.o
                0x080006d8                calculateCrc16
 .text.MX_DMA_Init
                0x08000754       0x3c ./Core/Src/dma.o
                0x08000754                MX_DMA_Init
 .text.resetFrameState
                0x08000790       0x2c ./Core/Src/frame.o
 .text.stopAnimation
                0x080007bc       0x1c ./Core/Src/frame.o
 .text.isWithinBounds
                0x080007d8       0x3a ./Core/Src/frame.o
 .text.safeCompare
                0x08000812       0x3a ./Core/Src/frame.o
 .text.isValidTriangle
                0x0800084c      0x12c ./Core/Src/frame.o
 .text.sendStatus
                0x08000978       0x3c ./Core/Src/frame.o
                0x08000978                sendStatus
 .text.parseColor
                0x080009b4       0x74 ./Core/Src/frame.o
                0x080009b4                parseColor
 .text.parseParameters
                0x08000a28      0x18a ./Core/Src/frame.o
                0x08000a28                parseParameters
 .text.clearFrame
                0x08000bb2       0x32 ./Core/Src/frame.o
                0x08000bb2                clearFrame
 .text.executeONK
                0x08000be4       0x94 ./Core/Src/frame.o
 .text.executeONP
                0x08000c78       0xb0 ./Core/Src/frame.o
 .text.executeONT
                0x08000d28      0x11c ./Core/Src/frame.o
 .text.executeONN
                0x08000e44      0x170 ./Core/Src/frame.o
 .text.executeOFF
                0x08000fb4       0x3c ./Core/Src/frame.o
 .text.parseCoordinates
                0x08000ff0       0x30 ./Core/Src/frame.o
                0x08000ff0                parseCoordinates
 .text.byteStuffing
                0x08001020       0xc4 ./Core/Src/frame.o
                0x08001020                byteStuffing
 .text.prepareFrame
                0x080010e4      0x276 ./Core/Src/frame.o
                0x080010e4                prepareFrame
 .text.decodeFrame
                0x0800135a       0xd8 ./Core/Src/frame.o
                0x0800135a                decodeFrame
 *fill*         0x08001432        0x2 
 .text.processReceivedChar
                0x08001434      0x120 ./Core/Src/frame.o
                0x08001434                processReceivedChar
 .text.handleCommand
                0x08001554      0x110 ./Core/Src/frame.o
                0x08001554                handleCommand
 .text.updateScrollingText
                0x08001664      0x18c ./Core/Src/frame.o
                0x08001664                updateScrollingText
 .text.MX_GPIO_Init
                0x080017f0      0x154 ./Core/Src/gpio.o
                0x080017f0                MX_GPIO_Init
 .text.lcdCmd   0x08001944       0x4c ./Core/Src/lcd.o
 .text.lcdData  0x08001990       0x4c ./Core/Src/lcd.o
 .text.lcdSend  0x080019dc       0x32 ./Core/Src/lcd.o
 .text.lcdData16
                0x08001a0e       0x2a ./Core/Src/lcd.o
 .text.lcdSetWindow
                0x08001a38       0x66 ./Core/Src/lcd.o
 *fill*         0x08001a9e        0x2 
 .text.lcdCopy  0x08001aa0       0x58 ./Core/Src/lcd.o
                0x08001aa0                lcdCopy
 .text.lcdClear
                0x08001af8       0x18 ./Core/Src/lcd.o
                0x08001af8                lcdClear
 .text.lcdInit  0x08001b10       0x88 ./Core/Src/lcd.o
                0x08001b10                lcdInit
 .text.lcdPutPixel
                0x08001b98       0x38 ./Core/Src/lcd.o
                0x08001b98                lcdPutPixel
 .text.lcdIsBusy
                0x08001bd0       0x18 ./Core/Src/lcd.o
                0x08001bd0                lcdIsBusy
 .text.HAL_SPI_TxCpltCallback
                0x08001be8       0x38 ./Core/Src/lcd.o
                0x08001be8                HAL_SPI_TxCpltCallback
 .text.__NVIC_SetPriority
                0x08001c20       0x54 ./Core/Src/main.o
 .text.SysTick_Config
                0x08001c74       0x44 ./Core/Src/main.o
 .text.delay    0x08001cb8       0x30 ./Core/Src/main.o
                0x08001cb8                delay
 .text.waitForFrame
                0x08001ce8       0x28 ./Core/Src/main.o
                0x08001ce8                waitForFrame
 .text.main     0x08001d10       0x30 ./Core/Src/main.o
                0x08001d10                main
 .text.SystemClock_Config
                0x08001d40       0xa4 ./Core/Src/main.o
                0x08001d40                SystemClock_Config
 .text.Error_Handler
                0x08001de4        0xc ./Core/Src/main.o
                0x08001de4                Error_Handler
 .text.MX_SPI2_Init
                0x08001df0       0x7c ./Core/Src/spi.o
                0x08001df0                MX_SPI2_Init
 .text.HAL_SPI_MspInit
                0x08001e6c      0x130 ./Core/Src/spi.o
                0x08001e6c                HAL_SPI_MspInit
 .text.HAL_MspInit
                0x08001f9c       0x48 ./Core/Src/stm32l4xx_hal_msp.o
                0x08001f9c                HAL_MspInit
 .text.NMI_Handler
                0x08001fe4        0x8 ./Core/Src/stm32l4xx_it.o
                0x08001fe4                NMI_Handler
 .text.HardFault_Handler
                0x08001fec        0x8 ./Core/Src/stm32l4xx_it.o
                0x08001fec                HardFault_Handler
 .text.MemManage_Handler
                0x08001ff4        0x8 ./Core/Src/stm32l4xx_it.o
                0x08001ff4                MemManage_Handler
 .text.BusFault_Handler
                0x08001ffc        0x8 ./Core/Src/stm32l4xx_it.o
                0x08001ffc                BusFault_Handler
 .text.UsageFault_Handler
                0x08002004        0x8 ./Core/Src/stm32l4xx_it.o
                0x08002004                UsageFault_Handler
 .text.SVC_Handler
                0x0800200c        0xe ./Core/Src/stm32l4xx_it.o
                0x0800200c                SVC_Handler
 .text.DebugMon_Handler
                0x0800201a        0xe ./Core/Src/stm32l4xx_it.o
                0x0800201a                DebugMon_Handler
 .text.PendSV_Handler
                0x08002028        0xe ./Core/Src/stm32l4xx_it.o
                0x08002028                PendSV_Handler
 *fill*         0x08002036        0x2 
 .text.SysTick_Handler
                0x08002038       0x20 ./Core/Src/stm32l4xx_it.o
                0x08002038                SysTick_Handler
 .text.DMA1_Channel5_IRQHandler
                0x08002058       0x14 ./Core/Src/stm32l4xx_it.o
                0x08002058                DMA1_Channel5_IRQHandler
 .text.SPI2_IRQHandler
                0x0800206c       0x14 ./Core/Src/stm32l4xx_it.o
                0x0800206c                SPI2_IRQHandler
 .text.USART2_IRQHandler
                0x08002080       0x14 ./Core/Src/stm32l4xx_it.o
                0x08002080                USART2_IRQHandler
 .text._sbrk    0x08002094       0x6c ./Core/Src/sysmem.o
                0x08002094                _sbrk
 .text.SystemInit
                0x08002100       0x24 ./Core/Src/system_stm32l4xx.o
                0x08002100                SystemInit
 .text.HAL_UART_TxCpltCallback
                0x08002124       0x60 ./Core/Src/usart.o
                0x08002124                HAL_UART_TxCpltCallback
 .text.HAL_UART_RxCpltCallback
                0x08002184       0x50 ./Core/Src/usart.o
                0x08002184                HAL_UART_RxCpltCallback
 .text.MX_USART2_UART_Init
                0x080021d4       0x90 ./Core/Src/usart.o
                0x080021d4                MX_USART2_UART_Init
 .text.HAL_UART_MspInit
                0x08002264       0xc8 ./Core/Src/usart.o
                0x08002264                HAL_UART_MspInit
 .text.Reset_Handler
                0x0800232c       0x50 ./Core/Startup/startup_stm32l476rgtx.o
                0x0800232c                Reset_Handler
 .text.Default_Handler
                0x0800237c        0x2 ./Core/Startup/startup_stm32l476rgtx.o
                0x0800237c                RTC_Alarm_IRQHandler
                0x0800237c                EXTI2_IRQHandler
                0x0800237c                TIM8_TRG_COM_IRQHandler
                0x0800237c                TIM8_CC_IRQHandler
                0x0800237c                TIM1_CC_IRQHandler
                0x0800237c                TSC_IRQHandler
                0x0800237c                TAMP_STAMP_IRQHandler
                0x0800237c                EXTI3_IRQHandler
                0x0800237c                LPTIM2_IRQHandler
                0x0800237c                DFSDM1_FLT1_IRQHandler
                0x0800237c                I2C3_ER_IRQHandler
                0x0800237c                DFSDM1_FLT2_IRQHandler
                0x0800237c                EXTI0_IRQHandler
                0x0800237c                I2C2_EV_IRQHandler
                0x0800237c                CAN1_RX0_IRQHandler
                0x0800237c                FPU_IRQHandler
                0x0800237c                TIM1_UP_TIM16_IRQHandler
                0x0800237c                ADC1_2_IRQHandler
                0x0800237c                SPI1_IRQHandler
                0x0800237c                TIM6_DAC_IRQHandler
                0x0800237c                TIM8_UP_IRQHandler
                0x0800237c                DMA2_Channel2_IRQHandler
                0x0800237c                DMA1_Channel4_IRQHandler
                0x0800237c                SAI2_IRQHandler
                0x0800237c                DFSDM1_FLT3_IRQHandler
                0x0800237c                USART3_IRQHandler
                0x0800237c                DMA1_Channel7_IRQHandler
                0x0800237c                CAN1_RX1_IRQHandler
                0x0800237c                LCD_IRQHandler
                0x0800237c                UART5_IRQHandler
                0x0800237c                ADC3_IRQHandler
                0x0800237c                TIM4_IRQHandler
                0x0800237c                DMA2_Channel1_IRQHandler
                0x0800237c                QUADSPI_IRQHandler
                0x0800237c                I2C1_EV_IRQHandler
                0x0800237c                DMA1_Channel6_IRQHandler
                0x0800237c                UART4_IRQHandler
                0x0800237c                DMA2_Channel4_IRQHandler
                0x0800237c                TIM3_IRQHandler
                0x0800237c                RCC_IRQHandler
                0x0800237c                DMA1_Channel1_IRQHandler
                0x0800237c                Default_Handler
                0x0800237c                DMA2_Channel7_IRQHandler
                0x0800237c                EXTI15_10_IRQHandler
                0x0800237c                TIM7_IRQHandler
                0x0800237c                SDMMC1_IRQHandler
                0x0800237c                TIM5_IRQHandler
                0x0800237c                I2C3_EV_IRQHandler
                0x0800237c                EXTI9_5_IRQHandler
                0x0800237c                RTC_WKUP_IRQHandler
                0x0800237c                PVD_PVM_IRQHandler
                0x0800237c                CAN1_TX_IRQHandler
                0x0800237c                DMA2_Channel5_IRQHandler
                0x0800237c                EXTI4_IRQHandler
                0x0800237c                RNG_IRQHandler
                0x0800237c                TIM1_TRG_COM_TIM17_IRQHandler
                0x0800237c                DMA1_Channel3_IRQHandler
                0x0800237c                COMP_IRQHandler
                0x0800237c                WWDG_IRQHandler
                0x0800237c                LPUART1_IRQHandler
                0x0800237c                DMA2_Channel6_IRQHandler
                0x0800237c                TIM2_IRQHandler
                0x0800237c                EXTI1_IRQHandler
                0x0800237c                DFSDM1_FLT0_IRQHandler
                0x0800237c                I2C2_ER_IRQHandler
                0x0800237c                DMA1_Channel2_IRQHandler
                0x0800237c                TIM8_BRK_IRQHandler
                0x0800237c                CAN1_SCE_IRQHandler
                0x0800237c                FLASH_IRQHandler
                0x0800237c                USART1_IRQHandler
                0x0800237c                OTG_FS_IRQHandler
                0x0800237c                SPI3_IRQHandler
                0x0800237c                I2C1_ER_IRQHandler
                0x0800237c                FMC_IRQHandler
                0x0800237c                SWPMI1_IRQHandler
                0x0800237c                LPTIM1_IRQHandler
                0x0800237c                SAI1_IRQHandler
                0x0800237c                DMA2_Channel3_IRQHandler
                0x0800237c                TIM1_BRK_TIM15_IRQHandler
 .text.HAL_Init
                0x0800237e       0x30 ./Drivers/STM32L4xx_HAL_Driver/Src/stm32l4xx_hal.o
                0x0800237e                HAL_Init
 *fill*         0x080023ae        0x2 
 .text.HAL_InitTick
                0x080023b0       0x78 ./Drivers/STM32L4xx_HAL_Driver/Src/stm32l4xx_hal.o
                0x080023b0                HAL_InitTick
 .text.HAL_IncTick
                0x08002428       0x28 ./Drivers/STM32L4xx_HAL_Driver/Src/stm32l4xx_hal.o
                0x08002428                HAL_IncTick
 .text.HAL_GetTick
                0x08002450       0x18 ./Drivers/STM32L4xx_HAL_Driver/Src/stm32l4xx_hal.o
                0x08002450                HAL_GetTick
 .text.__NVIC_SetPriorityGrouping
                0x08002468       0x48 ./Drivers/STM32L4xx_HAL_Driver/Src/stm32l4xx_hal_cortex.o
 .text.__NVIC_GetPriorityGrouping
                0x080024b0       0x1c ./Drivers/STM32L4xx_HAL_Driver/Src/stm32l4xx_hal_cortex.o
 .text.__NVIC_EnableIRQ
                0x080024cc       0x3c ./Drivers/STM32L4xx_HAL_Driver/Src/stm32l4xx_hal_cortex.o
 .text.__NVIC_SetPriority
                0x08002508       0x54 ./Drivers/STM32L4xx_HAL_Driver/Src/stm32l4xx_hal_cortex.o
 .text.NVIC_EncodePriority
                0x0800255c       0x66 ./Drivers/STM32L4xx_HAL_Driver/Src/stm32l4xx_hal_cortex.o
 *fill*         0x080025c2        0x2 
 .text.SysTick_Config
                0x080025c4       0x44 ./Drivers/STM32L4xx_HAL_Driver/Src/stm32l4xx_hal_cortex.o
 .text.HAL_NVIC_SetPriorityGrouping
                0x08002608       0x16 ./Drivers/STM32L4xx_HAL_Driver/Src/stm32l4xx_hal_cortex.o
                0x08002608                HAL_NVIC_SetPriorityGrouping
 .text.HAL_NVIC_SetPriority
                0x0800261e       0x38 ./Drivers/STM32L4xx_HAL_Driver/Src/stm32l4xx_hal_cortex.o
                0x0800261e                HAL_NVIC_SetPriority
 .text.HAL_NVIC_EnableIRQ
                0x08002656       0x1c ./Drivers/STM32L4xx_HAL_Driver/Src/stm32l4xx_hal_cortex.o
                0x08002656                HAL_NVIC_EnableIRQ
 .text.HAL_SYSTICK_Config
                0x08002672       0x18 ./Drivers/STM32L4xx_HAL_Driver/Src/stm32l4xx_hal_cortex.o
                0x08002672                HAL_SYSTICK_Config
 *fill*         0x0800268a        0x2 
 .text.HAL_DMA_Init
                0x0800268c      0x170 ./Drivers/STM32L4xx_HAL_Driver/Src/stm32l4xx_hal_dma.o
                0x0800268c                HAL_DMA_Init
 .text.HAL_DMA_Start_IT
                0x080027fc       0xc0 ./Drivers/STM32L4xx_HAL_Driver/Src/stm32l4xx_hal_dma.o
                0x080027fc                HAL_DMA_Start_IT
 .text.HAL_DMA_Abort
                0x080028bc       0x7c ./Drivers/STM32L4xx_HAL_Driver/Src/stm32l4xx_hal_dma.o
                0x080028bc                HAL_DMA_Abort
 .text.HAL_DMA_Abort_IT
                0x08002938       0x82 ./Drivers/STM32L4xx_HAL_Driver/Src/stm32l4xx_hal_dma.o
                0x08002938                HAL_DMA_Abort_IT
 .text.HAL_DMA_IRQHandler
                0x080029ba      0x15e ./Drivers/STM32L4xx_HAL_Driver/Src/stm32l4xx_hal_dma.o
                0x080029ba                HAL_DMA_IRQHandler
 .text.DMA_SetConfig
                0x08002b18       0x60 ./Drivers/STM32L4xx_HAL_Driver/Src/stm32l4xx_hal_dma.o
 .text.HAL_GPIO_Init
                0x08002b78      0x354 ./Drivers/STM32L4xx_HAL_Driver/Src/stm32l4xx_hal_gpio.o
                0x08002b78                HAL_GPIO_Init
 .text.HAL_GPIO_WritePin
                0x08002ecc       0x30 ./Drivers/STM32L4xx_HAL_Driver/Src/stm32l4xx_hal_gpio.o
                0x08002ecc                HAL_GPIO_WritePin
 .text.HAL_PWREx_GetVoltageRange
                0x08002efc       0x1c ./Drivers/STM32L4xx_HAL_Driver/Src/stm32l4xx_hal_pwr_ex.o
                0x08002efc                HAL_PWREx_GetVoltageRange
 .text.HAL_PWREx_ControlVoltageScaling
                0x08002f18       0xac ./Drivers/STM32L4xx_HAL_Driver/Src/stm32l4xx_hal_pwr_ex.o
                0x08002f18                HAL_PWREx_ControlVoltageScaling
 .text.HAL_RCC_OscConfig
                0x08002fc4      0x7b8 ./Drivers/STM32L4xx_HAL_Driver/Src/stm32l4xx_hal_rcc.o
                0x08002fc4                HAL_RCC_OscConfig
 .text.HAL_RCC_ClockConfig
                0x0800377c      0x200 ./Drivers/STM32L4xx_HAL_Driver/Src/stm32l4xx_hal_rcc.o
                0x0800377c                HAL_RCC_ClockConfig
 .text.HAL_RCC_GetSysClockFreq
                0x0800397c      0x118 ./Drivers/STM32L4xx_HAL_Driver/Src/stm32l4xx_hal_rcc.o
                0x0800397c                HAL_RCC_GetSysClockFreq
 .text.HAL_RCC_GetHCLKFreq
                0x08003a94       0x18 ./Drivers/STM32L4xx_HAL_Driver/Src/stm32l4xx_hal_rcc.o
                0x08003a94                HAL_RCC_GetHCLKFreq
 .text.HAL_RCC_GetPCLK1Freq
                0x08003aac       0x2c ./Drivers/STM32L4xx_HAL_Driver/Src/stm32l4xx_hal_rcc.o
                0x08003aac                HAL_RCC_GetPCLK1Freq
 .text.HAL_RCC_GetPCLK2Freq
                0x08003ad8       0x2c ./Drivers/STM32L4xx_HAL_Driver/Src/stm32l4xx_hal_rcc.o
                0x08003ad8                HAL_RCC_GetPCLK2Freq
 .text.RCC_SetFlashLatencyFromMSIRange
                0x08003b04       0xc0 ./Drivers/STM32L4xx_HAL_Driver/Src/stm32l4xx_hal_rcc.o
 .text.HAL_RCCEx_PeriphCLKConfig
                0x08003bc4      0x5d4 ./Drivers/STM32L4xx_HAL_Driver/Src/stm32l4xx_hal_rcc_ex.o
                0x08003bc4                HAL_RCCEx_PeriphCLKConfig
 .text.RCCEx_PLLSAI1_Config
                0x08004198      0x1e8 ./Drivers/STM32L4xx_HAL_Driver/Src/stm32l4xx_hal_rcc_ex.o
 .text.RCCEx_PLLSAI2_Config
                0x08004380      0x1bc ./Drivers/STM32L4xx_HAL_Driver/Src/stm32l4xx_hal_rcc_ex.o
 .text.HAL_SPI_Init
                0x0800453c      0x146 ./Drivers/STM32L4xx_HAL_Driver/Src/stm32l4xx_hal_spi.o
                0x0800453c                HAL_SPI_Init
 .text.HAL_SPI_Transmit
                0x08004682      0x2ec ./Drivers/STM32L4xx_HAL_Driver/Src/stm32l4xx_hal_spi.o
                0x08004682                HAL_SPI_Transmit
 *fill*         0x0800496e        0x2 
 .text.HAL_SPI_Transmit_DMA
                0x08004970      0x1dc ./Drivers/STM32L4xx_HAL_Driver/Src/stm32l4xx_hal_spi.o
                0x08004970                HAL_SPI_Transmit_DMA
 .text.HAL_SPI_IRQHandler
                0x08004b4c      0x1e8 ./Drivers/STM32L4xx_HAL_Driver/Src/stm32l4xx_hal_spi.o
                0x08004b4c                HAL_SPI_IRQHandler
 .text.HAL_SPI_TxHalfCpltCallback
                0x08004d34       0x14 ./Drivers/STM32L4xx_HAL_Driver/Src/stm32l4xx_hal_spi.o
                0x08004d34                HAL_SPI_TxHalfCpltCallback
 .text.HAL_SPI_ErrorCallback
                0x08004d48       0x14 ./Drivers/STM32L4xx_HAL_Driver/Src/stm32l4xx_hal_spi.o
                0x08004d48                HAL_SPI_ErrorCallback
 .text.SPI_DMATransmitCplt
                0x08004d5c       0xa6 ./Drivers/STM32L4xx_HAL_Driver/Src/stm32l4xx_hal_spi.o
 .text.SPI_DMAHalfTransmitCplt
                0x08004e02       0x1c ./Drivers/STM32L4xx_HAL_Driver/Src/stm32l4xx_hal_spi.o
 .text.SPI_DMAError
                0x08004e1e       0x40 ./Drivers/STM32L4xx_HAL_Driver/Src/stm32l4xx_hal_spi.o
 .text.SPI_DMAAbortOnError
                0x08004e5e       0x2a ./Drivers/STM32L4xx_HAL_Driver/Src/stm32l4xx_hal_spi.o
 .text.SPI_WaitFlagStateUntilTimeout
                0x08004e88      0x110 ./Drivers/STM32L4xx_HAL_Driver/Src/stm32l4xx_hal_spi.o
 .text.SPI_WaitFifoStateUntilTimeout
                0x08004f98      0x12c ./Drivers/STM32L4xx_HAL_Driver/Src/stm32l4xx_hal_spi.o
 .text.SPI_EndRxTxTransaction
                0x080050c4       0x8c ./Drivers/STM32L4xx_HAL_Driver/Src/stm32l4xx_hal_spi.o
 .text.HAL_UART_Init
                0x08005150       0x9c ./Drivers/STM32L4xx_HAL_Driver/Src/stm32l4xx_hal_uart.o
                0x08005150                HAL_UART_Init
 .text.HAL_UART_Transmit_IT
                0x080051ec       0xbc ./Drivers/STM32L4xx_HAL_Driver/Src/stm32l4xx_hal_uart.o
                0x080051ec                HAL_UART_Transmit_IT
 .text.HAL_UART_Receive_IT
                0x080052a8       0x98 ./Drivers/STM32L4xx_HAL_Driver/Src/stm32l4xx_hal_uart.o
                0x080052a8                HAL_UART_Receive_IT
 .text.HAL_UART_IRQHandler
                0x08005340      0x60c ./Drivers/STM32L4xx_HAL_Driver/Src/stm32l4xx_hal_uart.o
                0x08005340                HAL_UART_IRQHandler
 .text.HAL_UART_ErrorCallback
                0x0800594c       0x14 ./Drivers/STM32L4xx_HAL_Driver/Src/stm32l4xx_hal_uart.o
                0x0800594c                HAL_UART_ErrorCallback
 .text.HAL_UARTEx_RxEventCallback
                0x08005960       0x18 ./Drivers/STM32L4xx_HAL_Driver/Src/stm32l4xx_hal_uart.o
                0x08005960                HAL_UARTEx_RxEventCallback
 .text.UART_SetConfig
                0x08005978      0x570 ./Drivers/STM32L4xx_HAL_Driver/Src/stm32l4xx_hal_uart.o
                0x08005978                UART_SetConfig
 .text.UART_AdvFeatureConfig
                0x08005ee8      0x144 ./Drivers/STM32L4xx_HAL_Driver/Src/stm32l4xx_hal_uart.o
                0x08005ee8                UART_AdvFeatureConfig
 .text.UART_CheckIdleState
                0x0800602c      0x150 ./Drivers/STM32L4xx_HAL_Driver/Src/stm32l4xx_hal_uart.o
                0x0800602c                UART_CheckIdleState
 .text.UART_WaitOnFlagUntilTimeout
                0x0800617c       0xda ./Drivers/STM32L4xx_HAL_Driver/Src/stm32l4xx_hal_uart.o
                0x0800617c                UART_WaitOnFlagUntilTimeout
 *fill*         0x08006256        0x2 
 .text.UART_Start_Receive_IT
                0x08006258      0x18c ./Drivers/STM32L4xx_HAL_Driver/Src/stm32l4xx_hal_uart.o
                0x08006258                UART_Start_Receive_IT
 .text.UART_EndRxTransfer
                0x080063e4       0xc8 ./Drivers/STM32L4xx_HAL_Driver/Src/stm32l4xx_hal_uart.o
 .text.UART_DMAAbortOnError
                0x080064ac       0x2c ./Drivers/STM32L4xx_HAL_Driver/Src/stm32l4xx_hal_uart.o
 .text.UART_TxISR_8BIT
                0x080064d8       0xb6 ./Drivers/STM32L4xx_HAL_Driver/Src/stm32l4xx_hal_uart.o
 .text.UART_TxISR_16BIT
                0x0800658e       0xc0 ./Drivers/STM32L4xx_HAL_Driver/Src/stm32l4xx_hal_uart.o
 .text.UART_EndTransmit_IT
                0x0800664e       0x54 ./Drivers/STM32L4xx_HAL_Driver/Src/stm32l4xx_hal_uart.o
 *fill*         0x080066a2        0x2 
 .text.UART_RxISR_8BIT
                0x080066a4      0x1bc ./Drivers/STM32L4xx_HAL_Driver/Src/stm32l4xx_hal_uart.o
 .text.UART_RxISR_16BIT
                0x08006860      0x1bc ./Drivers/STM32L4xx_HAL_Driver/Src/stm32l4xx_hal_uart.o
 .text.HAL_UARTEx_WakeupCallback
                0x08006a1c       0x14 ./Drivers/STM32L4xx_HAL_Driver/Src/stm32l4xx_hal_uart_ex.o
                0x08006a1c                HAL_UARTEx_WakeupCallback
 .text.bitmap_init
                0x08006a30       0x46 ./hagl/src/bitmap.o
                0x08006a30                bitmap_init
 .text.code     0x08006a76       0x74 ./hagl/src/clip.o
 .text.clip_line
                0x08006aea      0x236 ./hagl/src/clip.o
                0x08006aea                clip_line
 .text.fontx_meta
                0x08006d20       0x40 ./hagl/src/fontx.o
                0x08006d20                fontx_meta
 .text.fontx_glyph
                0x08006d60      0x124 ./hagl/src/fontx.o
                0x08006d60                fontx_glyph
 .text.min      0x08006e84       0x24 ./hagl/src/hagl.o
 .text.max      0x08006ea8       0x24 ./hagl/src/hagl.o
 .text.hagl_put_pixel
                0x08006ecc       0x64 ./hagl/src/hagl.o
                0x08006ecc                hagl_put_pixel
 .text.hagl_draw_hline
                0x08006f30       0x46 ./hagl/src/hagl.o
                0x08006f30                hagl_draw_hline
 .text.hagl_draw_vline
                0x08006f76       0x46 ./hagl/src/hagl.o
                0x08006f76                hagl_draw_vline
 .text.hagl_draw_line
                0x08006fbc      0x154 ./hagl/src/hagl.o
                0x08006fbc                hagl_draw_line
 .text.hagl_draw_rectangle
                0x08007110      0x10c ./hagl/src/hagl.o
                0x08007110                hagl_draw_rectangle
 .text.hagl_fill_rectangle
                0x0800721c      0x148 ./hagl/src/hagl.o
                0x0800721c                hagl_fill_rectangle
 .text.hagl_put_char
                0x08007364      0x3da ./hagl/src/hagl.o
                0x08007364                hagl_put_char
 .text.hagl_put_text
                0x0800773e       0x9e ./hagl/src/hagl.o
                0x0800773e                hagl_put_text
 .text.hagl_draw_circle
                0x080077dc      0x25e ./hagl/src/hagl.o
                0x080077dc                hagl_draw_circle
 .text.hagl_fill_circle
                0x08007a3a      0x11c ./hagl/src/hagl.o
                0x08007a3a                hagl_fill_circle
 .text.hagl_draw_polygon
                0x08007b56       0xc0 ./hagl/src/hagl.o
                0x08007b56                hagl_draw_polygon
 .text.hagl_fill_polygon
                0x08007c16      0x33a ./hagl/src/hagl.o
                0x08007c16                hagl_fill_polygon
 .text.hagl_draw_triangle
                0x08007f50       0x4c ./hagl/src/hagl.o
                0x08007f50                hagl_draw_triangle
 .text.hagl_fill_triangle
                0x08007f9c       0x4c ./hagl/src/hagl.o
                0x08007f9c                hagl_fill_triangle
 .text._vsnprintf_r
                0x08007fe8       0x56 D:/STM32CubeIDE_1.16.1/STM32CubeIDE/plugins/com.st.stm32cube.ide.mcu.externaltools.gnu-tools-for-stm32.12.3.rel1.win32_1.0.200.202406191623/tools/bin/../lib/gcc/arm-none-eabi/12.3.1/../../../../arm-none-eabi/lib/thumb/v7e-m+fp/hard\libc_nano.a(libc_a-vsnprintf.o)
                0x08007fe8                _vsniprintf_r
                0x08007fe8                _vsnprintf_r
 *fill*         0x0800803e        0x2 
 .text.vsnprintf
                0x08008040       0x1c D:/STM32CubeIDE_1.16.1/STM32CubeIDE/plugins/com.st.stm32cube.ide.mcu.externaltools.gnu-tools-for-stm32.12.3.rel1.win32_1.0.200.202406191623/tools/bin/../lib/gcc/arm-none-eabi/12.3.1/../../../../arm-none-eabi/lib/thumb/v7e-m+fp/hard\libc_nano.a(libc_a-vsnprintf.o)
                0x08008040                vsniprintf
                0x08008040                vsnprintf
 .text.memcmp   0x0800805c       0x20 D:/STM32CubeIDE_1.16.1/STM32CubeIDE/plugins/com.st.stm32cube.ide.mcu.externaltools.gnu-tools-for-stm32.12.3.rel1.win32_1.0.200.202406191623/tools/bin/../lib/gcc/arm-none-eabi/12.3.1/../../../../arm-none-eabi/lib/thumb/v7e-m+fp/hard\libc_nano.a(libc_a-memcmp.o)
                0x0800805c                memcmp
 .text.memset   0x0800807c       0x10 D:/STM32CubeIDE_1.16.1/STM32CubeIDE/plugins/com.st.stm32cube.ide.mcu.externaltools.gnu-tools-for-stm32.12.3.rel1.win32_1.0.200.202406191623/tools/bin/../lib/gcc/arm-none-eabi/12.3.1/../../../../arm-none-eabi/lib/thumb/v7e-m+fp/hard\libc_nano.a(libc_a-memset.o)
                0x0800807c                memset
 .text.strncpy  0x0800808c       0x26 D:/STM32CubeIDE_1.16.1/STM32CubeIDE/plugins/com.st.stm32cube.ide.mcu.externaltools.gnu-tools-for-stm32.12.3.rel1.win32_1.0.200.202406191623/tools/bin/../lib/gcc/arm-none-eabi/12.3.1/../../../../arm-none-eabi/lib/thumb/v7e-m+fp/hard\libc_nano.a(libc_a-strncpy.o)
                0x0800808c                strncpy
 *fill*         0x080080b2        0x2 
 .text.__errno  0x080080b4        0xc D:/STM32CubeIDE_1.16.1/STM32CubeIDE/plugins/com.st.stm32cube.ide.mcu.externaltools.gnu-tools-for-stm32.12.3.rel1.win32_1.0.200.202406191623/tools/bin/../lib/gcc/arm-none-eabi/12.3.1/../../../../arm-none-eabi/lib/thumb/v7e-m+fp/hard\libc_nano.a(libc_a-errno.o)
                0x080080b4                __errno
 .text.__libc_init_array
                0x080080c0       0x48 D:/STM32CubeIDE_1.16.1/STM32CubeIDE/plugins/com.st.stm32cube.ide.mcu.externaltools.gnu-tools-for-stm32.12.3.rel1.win32_1.0.200.202406191623/tools/bin/../lib/gcc/arm-none-eabi/12.3.1/../../../../arm-none-eabi/lib/thumb/v7e-m+fp/hard\libc_nano.a(libc_a-init.o)
                0x080080c0                __libc_init_array
 .text.__retarget_lock_acquire_recursive
                0x08008108        0x2 D:/STM32CubeIDE_1.16.1/STM32CubeIDE/plugins/com.st.stm32cube.ide.mcu.externaltools.gnu-tools-for-stm32.12.3.rel1.win32_1.0.200.202406191623/tools/bin/../lib/gcc/arm-none-eabi/12.3.1/../../../../arm-none-eabi/lib/thumb/v7e-m+fp/hard\libc_nano.a(libc_a-lock.o)
                0x08008108                __retarget_lock_acquire_recursive
 .text.__retarget_lock_release_recursive
                0x0800810a        0x2 D:/STM32CubeIDE_1.16.1/STM32CubeIDE/plugins/com.st.stm32cube.ide.mcu.externaltools.gnu-tools-for-stm32.12.3.rel1.win32_1.0.200.202406191623/tools/bin/../lib/gcc/arm-none-eabi/12.3.1/../../../../arm-none-eabi/lib/thumb/v7e-m+fp/hard\libc_nano.a(libc_a-lock.o)
                0x0800810a                __retarget_lock_release_recursive
 .text.memcpy   0x0800810c       0x1c D:/STM32CubeIDE_1.16.1/STM32CubeIDE/plugins/com.st.stm32cube.ide.mcu.externaltools.gnu-tools-for-stm32.12.3.rel1.win32_1.0.200.202406191623/tools/bin/../lib/gcc/arm-none-eabi/12.3.1/../../../../arm-none-eabi/lib/thumb/v7e-m+fp/hard\libc_nano.a(libc_a-memcpy-stub.o)
                0x0800810c                memcpy
 .text._free_r  0x08008128       0x94 D:/STM32CubeIDE_1.16.1/STM32CubeIDE/plugins/com.st.stm32cube.ide.mcu.externaltools.gnu-tools-for-stm32.12.3.rel1.win32_1.0.200.202406191623/tools/bin/../lib/gcc/arm-none-eabi/12.3.1/../../../../arm-none-eabi/lib/thumb/v7e-m+fp/hard\libc_nano.a(libc_a-freer.o)
                0x08008128                _free_r
 .text.sbrk_aligned
                0x080081bc       0x44 D:/STM32CubeIDE_1.16.1/STM32CubeIDE/plugins/com.st.stm32cube.ide.mcu.externaltools.gnu-tools-for-stm32.12.3.rel1.win32_1.0.200.202406191623/tools/bin/../lib/gcc/arm-none-eabi/12.3.1/../../../../arm-none-eabi/lib/thumb/v7e-m+fp/hard\libc_nano.a(libc_a-mallocr.o)
 .text._malloc_r
                0x08008200      0x100 D:/STM32CubeIDE_1.16.1/STM32CubeIDE/plugins/com.st.stm32cube.ide.mcu.externaltools.gnu-tools-for-stm32.12.3.rel1.win32_1.0.200.202406191623/tools/bin/../lib/gcc/arm-none-eabi/12.3.1/../../../../arm-none-eabi/lib/thumb/v7e-m+fp/hard\libc_nano.a(libc_a-mallocr.o)
                0x08008200                _malloc_r
 .text.__malloc_lock
                0x08008300        0xc D:/STM32CubeIDE_1.16.1/STM32CubeIDE/plugins/com.st.stm32cube.ide.mcu.externaltools.gnu-tools-for-stm32.12.3.rel1.win32_1.0.200.202406191623/tools/bin/../lib/gcc/arm-none-eabi/12.3.1/../../../../arm-none-eabi/lib/thumb/v7e-m+fp/hard\libc_nano.a(libc_a-mlock.o)
                0x08008300                __malloc_lock
 .text.__malloc_unlock
                0x0800830c        0xc D:/STM32CubeIDE_1.16.1/STM32CubeIDE/plugins/com.st.stm32cube.ide.mcu.externaltools.gnu-tools-for-stm32.12.3.rel1.win32_1.0.200.202406191623/tools/bin/../lib/gcc/arm-none-eabi/12.3.1/../../../../arm-none-eabi/lib/thumb/v7e-m+fp/hard\libc_nano.a(libc_a-mlock.o)
                0x0800830c                __malloc_unlock
 .text.__ssputs_r
                0x08008318       0xb6 D:/STM32CubeIDE_1.16.1/STM32CubeIDE/plugins/com.st.stm32cube.ide.mcu.externaltools.gnu-tools-for-stm32.12.3.rel1.win32_1.0.200.202406191623/tools/bin/../lib/gcc/arm-none-eabi/12.3.1/../../../../arm-none-eabi/lib/thumb/v7e-m+fp/hard\libc_nano.a(libc_a-nano-svfprintf.o)
                0x08008318                __ssputs_r
 *fill*         0x080083ce        0x2 
 .text._svfprintf_r
                0x080083d0      0x1f8 D:/STM32CubeIDE_1.16.1/STM32CubeIDE/plugins/com.st.stm32cube.ide.mcu.externaltools.gnu-tools-for-stm32.12.3.rel1.win32_1.0.200.202406191623/tools/bin/../lib/gcc/arm-none-eabi/12.3.1/../../../../arm-none-eabi/lib/thumb/v7e-m+fp/hard\libc_nano.a(libc_a-nano-svfprintf.o)
                0x080083d0                _svfiprintf_r
                0x080083d0                _svfprintf_r
 .text._printf_common
                0x080085c8       0xda D:/STM32CubeIDE_1.16.1/STM32CubeIDE/plugins/com.st.stm32cube.ide.mcu.externaltools.gnu-tools-for-stm32.12.3.rel1.win32_1.0.200.202406191623/tools/bin/../lib/gcc/arm-none-eabi/12.3.1/../../../../arm-none-eabi/lib/thumb/v7e-m+fp/hard\libc_nano.a(libc_a-nano-vfprintf_i.o)
                0x080085c8                _printf_common
 *fill*         0x080086a2        0x2 
 .text._printf_i
                0x080086a4      0x240 D:/STM32CubeIDE_1.16.1/STM32CubeIDE/plugins/com.st.stm32cube.ide.mcu.externaltools.gnu-tools-for-stm32.12.3.rel1.win32_1.0.200.202406191623/tools/bin/../lib/gcc/arm-none-eabi/12.3.1/../../../../arm-none-eabi/lib/thumb/v7e-m+fp/hard\libc_nano.a(libc_a-nano-vfprintf_i.o)
                0x080086a4                _printf_i
 .text.memmove  0x080088e4       0x34 D:/STM32CubeIDE_1.16.1/STM32CubeIDE/plugins/com.st.stm32cube.ide.mcu.externaltools.gnu-tools-for-stm32.12.3.rel1.win32_1.0.200.202406191623/tools/bin/../lib/gcc/arm-none-eabi/12.3.1/../../../../arm-none-eabi/lib/thumb/v7e-m+fp/hard\libc_nano.a(libc_a-memmove.o)
                0x080088e4                memmove
 .text._sbrk_r  0x08008918       0x20 D:/STM32CubeIDE_1.16.1/STM32CubeIDE/plugins/com.st.stm32cube.ide.mcu.externaltools.gnu-tools-for-stm32.12.3.rel1.win32_1.0.200.202406191623/tools/bin/../lib/gcc/arm-none-eabi/12.3.1/../../../../arm-none-eabi/lib/thumb/v7e-m+fp/hard\libc_nano.a(libc_a-sbrkr.o)
                0x08008918                _sbrk_r
 .text._realloc_r
                0x08008938       0x5c D:/STM32CubeIDE_1.16.1/STM32CubeIDE/plugins/com.st.stm32cube.ide.mcu.externaltools.gnu-tools-for-stm32.12.3.rel1.win32_1.0.200.202406191623/tools/bin/../lib/gcc/arm-none-eabi/12.3.1/../../../../arm-none-eabi/lib/thumb/v7e-m+fp/hard\libc_nano.a(libc_a-reallocr.o)
                0x08008938                _realloc_r
 .text._malloc_usable_size_r
                0x08008994       0x10 D:/STM32CubeIDE_1.16.1/STM32CubeIDE/plugins/com.st.stm32cube.ide.mcu.externaltools.gnu-tools-for-stm32.12.3.rel1.win32_1.0.200.202406191623/tools/bin/../lib/gcc/arm-none-eabi/12.3.1/../../../../arm-none-eabi/lib/thumb/v7e-m+fp/hard\libc_nano.a(libc_a-msizer.o)
                0x08008994                _malloc_usable_size_r
 *(.glue_7)
 .glue_7        0x080089a4        0x0 linker stubs
 *(.glue_7t)
 .glue_7t       0x080089a4        0x0 linker stubs
 *(.eh_frame)
 .eh_frame      0x080089a4        0x0 D:/STM32CubeIDE_1.16.1/STM32CubeIDE/plugins/com.st.stm32cube.ide.mcu.externaltools.gnu-tools-for-stm32.12.3.rel1.win32_1.0.200.202406191623/tools/bin/../lib/gcc/arm-none-eabi/12.3.1/thumb/v7e-m+fp/hard/crtbegin.o
 *(.init)
 .init          0x080089a4        0x4 D:/STM32CubeIDE_1.16.1/STM32CubeIDE/plugins/com.st.stm32cube.ide.mcu.externaltools.gnu-tools-for-stm32.12.3.rel1.win32_1.0.200.202406191623/tools/bin/../lib/gcc/arm-none-eabi/12.3.1/thumb/v7e-m+fp/hard/crti.o
                0x080089a4                _init
 .init          0x080089a8        0x8 D:/STM32CubeIDE_1.16.1/STM32CubeIDE/plugins/com.st.stm32cube.ide.mcu.externaltools.gnu-tools-for-stm32.12.3.rel1.win32_1.0.200.202406191623/tools/bin/../lib/gcc/arm-none-eabi/12.3.1/thumb/v7e-m+fp/hard/crtn.o
 *(.fini)
 .fini          0x080089b0        0x4 D:/STM32CubeIDE_1.16.1/STM32CubeIDE/plugins/com.st.stm32cube.ide.mcu.externaltools.gnu-tools-for-stm32.12.3.rel1.win32_1.0.200.202406191623/tools/bin/../lib/gcc/arm-none-eabi/12.3.1/thumb/v7e-m+fp/hard/crti.o
                0x080089b0                _fini
 .fini          0x080089b4        0x8 D:/STM32CubeIDE_1.16.1/STM32CubeIDE/plugins/com.st.stm32cube.ide.mcu.externaltools.gnu-tools-for-stm32.12.3.rel1.win32_1.0.200.202406191623/tools/bin/../lib/gcc/arm-none-eabi/12.3.1/thumb/v7e-m+fp/hard/crtn.o
                0x080089bc                        . = ALIGN (0x4)
                0x080089bc                        _etext = .

.vfp11_veneer   0x080089bc        0x0
 .vfp11_veneer  0x080089bc        0x0 linker stubs

.v4_bx          0x080089bc        0x0
 .v4_bx         0x080089bc        0x0 linker stubs

.iplt           0x080089bc        0x0
 .iplt          0x080089bc        0x0 D:/STM32CubeIDE_1.16.1/STM32CubeIDE/plugins/com.st.stm32cube.ide.mcu.externaltools.gnu-tools-for-stm32.12.3.rel1.win32_1.0.200.202406191623/tools/bin/../lib/gcc/arm-none-eabi/12.3.1/thumb/v7e-m+fp/hard/crtbegin.o

.rodata         0x080089bc     0x9600
                0x080089bc                        . = ALIGN (0x4)
 *(.rodata)
 .rodata        0x080089bc      0x120 ./Core/Src/frame.o
 *(.rodata*)
 .rodata.STATUS_MESSAGES
                0x08008adc       0x28 ./Core/Src/frame.o
 .rodata.color_map
                0x08008b04       0x40 ./Core/Src/frame.o
 .rodata.font5x7
                0x08008b44     0x3507 ./Core/Src/frame.o
                0x08008b44                font5x7
 *fill*         0x0800c04b        0x1 
 .rodata.font5x8
                0x0800c04c     0x2ea2 ./Core/Src/frame.o
                0x0800c04c                font5x8
 *fill*         0x0800eeee        0x2 
 .rodata.font6x9
                0x0800eef0     0x2fb5 ./Core/Src/frame.o
                0x0800eef0                font6x9
 *fill*         0x08011ea5        0x3 
 .rodata.init_table
                0x08011ea8       0x98 ./Core/Src/lcd.o
 .rodata.AHBPrescTable
                0x08011f40       0x10 ./Core/Src/system_stm32l4xx.o
                0x08011f40                AHBPrescTable
 .rodata.APBPrescTable
                0x08011f50        0x8 ./Core/Src/system_stm32l4xx.o
                0x08011f50                APBPrescTable
 .rodata.MSIRangeTable
                0x08011f58       0x30 ./Core/Src/system_stm32l4xx.o
                0x08011f58                MSIRangeTable
 .rodata._svfprintf_r.str1.1
                0x08011f88       0x11 D:/STM32CubeIDE_1.16.1/STM32CubeIDE/plugins/com.st.stm32cube.ide.mcu.externaltools.gnu-tools-for-stm32.12.3.rel1.win32_1.0.200.202406191623/tools/bin/../lib/gcc/arm-none-eabi/12.3.1/../../../../arm-none-eabi/lib/thumb/v7e-m+fp/hard\libc_nano.a(libc_a-nano-svfprintf.o)
 .rodata._printf_i.str1.1
                0x08011f99       0x22 D:/STM32CubeIDE_1.16.1/STM32CubeIDE/plugins/com.st.stm32cube.ide.mcu.externaltools.gnu-tools-for-stm32.12.3.rel1.win32_1.0.200.202406191623/tools/bin/../lib/gcc/arm-none-eabi/12.3.1/../../../../arm-none-eabi/lib/thumb/v7e-m+fp/hard\libc_nano.a(libc_a-nano-vfprintf_i.o)
                0x08011fbc                        . = ALIGN (0x4)
 *fill*         0x08011fbb        0x1 

.ARM.extab      0x08011fbc        0x0
                0x08011fbc                        . = ALIGN (0x4)
 *(.ARM.extab* .gnu.linkonce.armextab.*)
                0x08011fbc                        . = ALIGN (0x4)

.ARM            0x08011fbc        0x8
                0x08011fbc                        . = ALIGN (0x4)
                0x08011fbc                        __exidx_start = .
 *(.ARM.exidx*)
 .ARM.exidx     0x08011fbc        0x8 D:/STM32CubeIDE_1.16.1/STM32CubeIDE/plugins/com.st.stm32cube.ide.mcu.externaltools.gnu-tools-for-stm32.12.3.rel1.win32_1.0.200.202406191623/tools/bin/../lib/gcc/arm-none-eabi/12.3.1/../../../../arm-none-eabi/lib/thumb/v7e-m+fp/hard\libc_nano.a(libc_a-strlen.o)
 .ARM.exidx     0x08011fc4        0x0 D:/STM32CubeIDE_1.16.1/STM32CubeIDE/plugins/com.st.stm32cube.ide.mcu.externaltools.gnu-tools-for-stm32.12.3.rel1.win32_1.0.200.202406191623/tools/bin/../lib/gcc/arm-none-eabi/12.3.1/../../../../arm-none-eabi/lib/thumb/v7e-m+fp/hard\libc_nano.a(libc_a-memchr.o)
                                  0x8 (size before relaxing)
 .ARM.exidx     0x08011fc4        0x0 D:/STM32CubeIDE_1.16.1/STM32CubeIDE/plugins/com.st.stm32cube.ide.mcu.externaltools.gnu-tools-for-stm32.12.3.rel1.win32_1.0.200.202406191623/tools/bin/../lib/gcc/arm-none-eabi/12.3.1/thumb/v7e-m+fp/hard\libgcc.a(_udivmoddi4.o)
                                  0x8 (size before relaxing)
                0x08011fc4                        __exidx_end = .
                0x08011fc4                        . = ALIGN (0x4)

.preinit_array  0x08011fc4        0x0
                0x08011fc4                        . = ALIGN (0x4)
                0x08011fc4                        PROVIDE (__preinit_array_start = .)
 *(.preinit_array*)
                0x08011fc4                        PROVIDE (__preinit_array_end = .)
                0x08011fc4                        . = ALIGN (0x4)

.init_array     0x08011fc4        0x4
                0x08011fc4                        . = ALIGN (0x4)
                0x08011fc4                        PROVIDE (__init_array_start = .)
 *(SORT_BY_NAME(.init_array.*))
 *(.init_array*)
 .init_array    0x08011fc4        0x4 D:/STM32CubeIDE_1.16.1/STM32CubeIDE/plugins/com.st.stm32cube.ide.mcu.externaltools.gnu-tools-for-stm32.12.3.rel1.win32_1.0.200.202406191623/tools/bin/../lib/gcc/arm-none-eabi/12.3.1/thumb/v7e-m+fp/hard/crtbegin.o
                0x08011fc8                        PROVIDE (__init_array_end = .)
                0x08011fc8                        . = ALIGN (0x4)

.fini_array     0x08011fc8        0x4
                0x08011fc8                        . = ALIGN (0x4)
                [!provide]                        PROVIDE (__fini_array_start = .)
 *(SORT_BY_NAME(.fini_array.*))
 *(.fini_array*)
 .fini_array    0x08011fc8        0x4 D:/STM32CubeIDE_1.16.1/STM32CubeIDE/plugins/com.st.stm32cube.ide.mcu.externaltools.gnu-tools-for-stm32.12.3.rel1.win32_1.0.200.202406191623/tools/bin/../lib/gcc/arm-none-eabi/12.3.1/thumb/v7e-m+fp/hard/crtbegin.o
                [!provide]                        PROVIDE (__fini_array_end = .)
                0x08011fcc                        . = ALIGN (0x4)
                0x08011fcc                        _sidata = LOADADDR (.data)

.rel.dyn        0x08011fcc        0x0
 .rel.iplt      0x08011fcc        0x0 D:/STM32CubeIDE_1.16.1/STM32CubeIDE/plugins/com.st.stm32cube.ide.mcu.externaltools.gnu-tools-for-stm32.12.3.rel1.win32_1.0.200.202406191623/tools/bin/../lib/gcc/arm-none-eabi/12.3.1/thumb/v7e-m+fp/hard/crtbegin.o

.data           0x20000000      0x264 load address 0x08011fcc
                0x20000000                        . = ALIGN (0x4)
                0x20000000                        _sdata = .
 *(.data)
 *(.data*)
 .data.crc16_table
                0x20000000      0x200 ./Core/Src/crc.o
                0x20000000                crc16_table
 .data.SystemCoreClock
                0x20000200        0x4 ./Core/Src/system_stm32l4xx.o
                0x20000200                SystemCoreClock
 .data.uwTickPrio
                0x20000204        0x4 ./Drivers/STM32L4xx_HAL_Driver/Src/stm32l4xx_hal.o
                0x20000204                uwTickPrio
 .data.uwTickFreq
                0x20000208        0x1 ./Drivers/STM32L4xx_HAL_Driver/Src/stm32l4xx_hal.o
                0x20000208                uwTickFreq
 *fill*         0x20000209        0x3 
 .data.clip_window
                0x2000020c        0x8 ./hagl/src/hagl.o
 .data._impure_ptr
                0x20000214        0x4 D:/STM32CubeIDE_1.16.1/STM32CubeIDE/plugins/com.st.stm32cube.ide.mcu.externaltools.gnu-tools-for-stm32.12.3.rel1.win32_1.0.200.202406191623/tools/bin/../lib/gcc/arm-none-eabi/12.3.1/../../../../arm-none-eabi/lib/thumb/v7e-m+fp/hard\libc_nano.a(libc_a-impure.o)
                0x20000214                _impure_ptr
 .data._impure_data
                0x20000218       0x4c D:/STM32CubeIDE_1.16.1/STM32CubeIDE/plugins/com.st.stm32cube.ide.mcu.externaltools.gnu-tools-for-stm32.12.3.rel1.win32_1.0.200.202406191623/tools/bin/../lib/gcc/arm-none-eabi/12.3.1/../../../../arm-none-eabi/lib/thumb/v7e-m+fp/hard\libc_nano.a(libc_a-impure.o)
                0x20000218                _impure_data
 *(.RamFunc)
 *(.RamFunc*)
                0x20000264                        . = ALIGN (0x4)
                0x20000264                        _edata = .

.igot.plt       0x20000264        0x0 load address 0x08012230
 .igot.plt      0x20000264        0x0 D:/STM32CubeIDE_1.16.1/STM32CubeIDE/plugins/com.st.stm32cube.ide.mcu.externaltools.gnu-tools-for-stm32.12.3.rel1.win32_1.0.200.202406191623/tools/bin/../lib/gcc/arm-none-eabi/12.3.1/thumb/v7e-m+fp/hard/crtbegin.o
                0x20000264                        . = ALIGN (0x4)

.bss            0x20000264     0xadb8 load address 0x08012230
                0x20000264                        _sbss = .
                0x20000264                        __bss_start__ = _sbss
 *(.bss)
 .bss           0x20000264       0x1c D:/STM32CubeIDE_1.16.1/STM32CubeIDE/plugins/com.st.stm32cube.ide.mcu.externaltools.gnu-tools-for-stm32.12.3.rel1.win32_1.0.200.202406191623/tools/bin/../lib/gcc/arm-none-eabi/12.3.1/thumb/v7e-m+fp/hard/crtbegin.o
 *(.bss*)
 .bss.rxRingBuffer
                0x20000280       0x10 ./Core/Src/USART_ringbuffer.o
                0x20000280                rxRingBuffer
 .bss.txRingBuffer
                0x20000290       0x10 ./Core/Src/USART_ringbuffer.o
                0x20000290                txRingBuffer
 .bss.USART_TxBuf
                0x200002a0      0x762 ./Core/Src/USART_ringbuffer.o
                0x200002a0                USART_TxBuf
 *fill*         0x20000a02        0x2 
 .bss.USART_RxBuf
                0x20000a04      0x10e ./Core/Src/USART_ringbuffer.o
                0x20000a04                USART_RxBuf
 *fill*         0x20000b12        0x2 
 .bss.bx        0x20000b14      0x10e ./Core/Src/frame.o
                0x20000b14                bx
 .bss.escape_detected
                0x20000c22        0x1 ./Core/Src/frame.o
                0x20000c22                escape_detected
 *fill*         0x20000c23        0x1 
 .bss.bx_index  0x20000c24        0x4 ./Core/Src/frame.o
                0x20000c24                bx_index
 .bss.in_frame  0x20000c28        0x1 ./Core/Src/frame.o
                0x20000c28                in_frame
 *fill*         0x20000c29        0x3 
 .bss.frame     0x20000c2c       0x85 ./Core/Src/frame.o
                0x20000c2c                frame
 *fill*         0x20000cb1        0x3 
 .bss.text      0x20000cb4       0xdc ./Core/Src/frame.o
                0x20000cb4                text
 .bss.frameBuffer
                0x20000d90     0xa000 ./Core/Src/lcd.o
                0x20000d90                frameBuffer
 .bss.transferInProgress
                0x2000ad90        0x1 ./Core/Src/lcd.o
 *fill*         0x2000ad91        0x3 
 .bss.tick      0x2000ad94        0x4 ./Core/Src/main.o
                0x2000ad94                tick
 .bss.hspi2     0x2000ad98       0x64 ./Core/Src/spi.o
                0x2000ad98                hspi2
 .bss.hdma_spi2_tx
                0x2000adfc       0x48 ./Core/Src/spi.o
                0x2000adfc                hdma_spi2_tx
 .bss.__sbrk_heap_end
                0x2000ae44        0x4 ./Core/Src/sysmem.o
 .bss.huart2    0x2000ae48       0x88 ./Core/Src/usart.o
                0x2000ae48                huart2
 .bss.uwTick    0x2000aed0        0x4 ./Drivers/STM32L4xx_HAL_Driver/Src/stm32l4xx_hal.o
                0x2000aed0                uwTick
 .bss.__sf      0x2000aed4      0x138 D:/STM32CubeIDE_1.16.1/STM32CubeIDE/plugins/com.st.stm32cube.ide.mcu.externaltools.gnu-tools-for-stm32.12.3.rel1.win32_1.0.200.202406191623/tools/bin/../lib/gcc/arm-none-eabi/12.3.1/../../../../arm-none-eabi/lib/thumb/v7e-m+fp/hard\libc_nano.a(libc_a-findfp.o)
                0x2000aed4                __sf
 .bss.errno     0x2000b00c        0x4 D:/STM32CubeIDE_1.16.1/STM32CubeIDE/plugins/com.st.stm32cube.ide.mcu.externaltools.gnu-tools-for-stm32.12.3.rel1.win32_1.0.200.202406191623/tools/bin/../lib/gcc/arm-none-eabi/12.3.1/../../../../arm-none-eabi/lib/thumb/v7e-m+fp/hard\libc_nano.a(libc_a-reent.o)
                0x2000b00c                errno
 .bss.__lock___malloc_recursive_mutex
                0x2000b010        0x1 D:/STM32CubeIDE_1.16.1/STM32CubeIDE/plugins/com.st.stm32cube.ide.mcu.externaltools.gnu-tools-for-stm32.12.3.rel1.win32_1.0.200.202406191623/tools/bin/../lib/gcc/arm-none-eabi/12.3.1/../../../../arm-none-eabi/lib/thumb/v7e-m+fp/hard\libc_nano.a(libc_a-lock.o)
                0x2000b010                __lock___malloc_recursive_mutex
 *fill*         0x2000b011        0x3 
 .bss.__malloc_sbrk_start
                0x2000b014        0x4 D:/STM32CubeIDE_1.16.1/STM32CubeIDE/plugins/com.st.stm32cube.ide.mcu.externaltools.gnu-tools-for-stm32.12.3.rel1.win32_1.0.200.202406191623/tools/bin/../lib/gcc/arm-none-eabi/12.3.1/../../../../arm-none-eabi/lib/thumb/v7e-m+fp/hard\libc_nano.a(libc_a-mallocr.o)
                0x2000b014                __malloc_sbrk_start
 .bss.__malloc_free_list
                0x2000b018        0x4 D:/STM32CubeIDE_1.16.1/STM32CubeIDE/plugins/com.st.stm32cube.ide.mcu.externaltools.gnu-tools-for-stm32.12.3.rel1.win32_1.0.200.202406191623/tools/bin/../lib/gcc/arm-none-eabi/12.3.1/../../../../arm-none-eabi/lib/thumb/v7e-m+fp/hard\libc_nano.a(libc_a-mallocr.o)
                0x2000b018                __malloc_free_list
 *(COMMON)
                0x2000b01c                        . = ALIGN (0x4)
                0x2000b01c                        _ebss = .
                0x2000b01c                        __bss_end__ = _ebss

._user_heap_stack
                0x2000b01c     0x1304 load address 0x08012230
                0x2000b020                        . = ALIGN (0x8)
 *fill*         0x2000b01c        0x4 
                [!provide]                        PROVIDE (end = .)
                0x2000b020                        PROVIDE (_end = .)
                0x2000b320                        . = (. + _Min_Heap_Size)
 *fill*         0x2000b020      0x300 
                0x2000c320                        . = (. + _Min_Stack_Size)
 *fill*         0x2000b320     0x1000 
                0x2000c320                        . = ALIGN (0x8)

/DISCARD/
 libc.a(*)
 libm.a(*)
 libgcc.a(*)

.ARM.attributes
                0x00000000       0x30
 *(.ARM.attributes)
 .ARM.attributes
                0x00000000       0x22 D:/STM32CubeIDE_1.16.1/STM32CubeIDE/plugins/com.st.stm32cube.ide.mcu.externaltools.gnu-tools-for-stm32.12.3.rel1.win32_1.0.200.202406191623/tools/bin/../lib/gcc/arm-none-eabi/12.3.1/thumb/v7e-m+fp/hard/crti.o
 .ARM.attributes
                0x00000022       0x34 D:/STM32CubeIDE_1.16.1/STM32CubeIDE/plugins/com.st.stm32cube.ide.mcu.externaltools.gnu-tools-for-stm32.12.3.rel1.win32_1.0.200.202406191623/tools/bin/../lib/gcc/arm-none-eabi/12.3.1/thumb/v7e-m+fp/hard/crtbegin.o
 .ARM.attributes
                0x00000056       0x34 ./Core/Src/USART_ringbuffer.o
 .ARM.attributes
                0x0000008a       0x34 ./Core/Src/crc.o
 .ARM.attributes
                0x000000be       0x34 ./Core/Src/dma.o
 .ARM.attributes
                0x000000f2       0x34 ./Core/Src/frame.o
 .ARM.attributes
                0x00000126       0x34 ./Core/Src/gpio.o
 .ARM.attributes
                0x0000015a       0x34 ./Core/Src/lcd.o
 .ARM.attributes
                0x0000018e       0x34 ./Core/Src/main.o
 .ARM.attributes
                0x000001c2       0x34 ./Core/Src/spi.o
 .ARM.attributes
                0x000001f6       0x34 ./Core/Src/stm32l4xx_hal_msp.o
 .ARM.attributes
                0x0000022a       0x34 ./Core/Src/stm32l4xx_it.o
 .ARM.attributes
                0x0000025e       0x34 ./Core/Src/sysmem.o
 .ARM.attributes
                0x00000292       0x34 ./Core/Src/system_stm32l4xx.o
 .ARM.attributes
                0x000002c6       0x34 ./Core/Src/usart.o
 .ARM.attributes
                0x000002fa       0x21 ./Core/Startup/startup_stm32l476rgtx.o
 .ARM.attributes
                0x0000031b       0x34 ./Drivers/STM32L4xx_HAL_Driver/Src/stm32l4xx_hal.o
 .ARM.attributes
                0x0000034f       0x34 ./Drivers/STM32L4xx_HAL_Driver/Src/stm32l4xx_hal_cortex.o
 .ARM.attributes
                0x00000383       0x34 ./Drivers/STM32L4xx_HAL_Driver/Src/stm32l4xx_hal_dma.o
 .ARM.attributes
                0x000003b7       0x34 ./Drivers/STM32L4xx_HAL_Driver/Src/stm32l4xx_hal_gpio.o
 .ARM.attributes
                0x000003eb       0x34 ./Drivers/STM32L4xx_HAL_Driver/Src/stm32l4xx_hal_pwr_ex.o
 .ARM.attributes
                0x0000041f       0x34 ./Drivers/STM32L4xx_HAL_Driver/Src/stm32l4xx_hal_rcc.o
 .ARM.attributes
                0x00000453       0x34 ./Drivers/STM32L4xx_HAL_Driver/Src/stm32l4xx_hal_rcc_ex.o
 .ARM.attributes
                0x00000487       0x34 ./Drivers/STM32L4xx_HAL_Driver/Src/stm32l4xx_hal_spi.o
 .ARM.attributes
                0x000004bb       0x34 ./Drivers/STM32L4xx_HAL_Driver/Src/stm32l4xx_hal_uart.o
 .ARM.attributes
                0x000004ef       0x34 ./Drivers/STM32L4xx_HAL_Driver/Src/stm32l4xx_hal_uart_ex.o
 .ARM.attributes
                0x00000523       0x34 ./hagl/src/bitmap.o
 .ARM.attributes
                0x00000557       0x34 ./hagl/src/clip.o
 .ARM.attributes
                0x0000058b       0x34 ./hagl/src/fontx.o
 .ARM.attributes
                0x000005bf       0x34 ./hagl/src/hagl.o
 .ARM.attributes
                0x000005f3       0x34 D:/STM32CubeIDE_1.16.1/STM32CubeIDE/plugins/com.st.stm32cube.ide.mcu.externaltools.gnu-tools-for-stm32.12.3.rel1.win32_1.0.200.202406191623/tools/bin/../lib/gcc/arm-none-eabi/12.3.1/../../../../arm-none-eabi/lib/thumb/v7e-m+fp/hard\libc_nano.a(libc_a-findfp.o)
 .ARM.attributes
                0x00000627       0x34 D:/STM32CubeIDE_1.16.1/STM32CubeIDE/plugins/com.st.stm32cube.ide.mcu.externaltools.gnu-tools-for-stm32.12.3.rel1.win32_1.0.200.202406191623/tools/bin/../lib/gcc/arm-none-eabi/12.3.1/../../../../arm-none-eabi/lib/thumb/v7e-m+fp/hard\libc_nano.a(libc_a-vsnprintf.o)
 .ARM.attributes
                0x0000065b       0x34 D:/STM32CubeIDE_1.16.1/STM32CubeIDE/plugins/com.st.stm32cube.ide.mcu.externaltools.gnu-tools-for-stm32.12.3.rel1.win32_1.0.200.202406191623/tools/bin/../lib/gcc/arm-none-eabi/12.3.1/../../../../arm-none-eabi/lib/thumb/v7e-m+fp/hard\libc_nano.a(libc_a-memcmp.o)
 .ARM.attributes
                0x0000068f       0x34 D:/STM32CubeIDE_1.16.1/STM32CubeIDE/plugins/com.st.stm32cube.ide.mcu.externaltools.gnu-tools-for-stm32.12.3.rel1.win32_1.0.200.202406191623/tools/bin/../lib/gcc/arm-none-eabi/12.3.1/../../../../arm-none-eabi/lib/thumb/v7e-m+fp/hard\libc_nano.a(libc_a-memset.o)
 .ARM.attributes
                0x000006c3       0x34 D:/STM32CubeIDE_1.16.1/STM32CubeIDE/plugins/com.st.stm32cube.ide.mcu.externaltools.gnu-tools-for-stm32.12.3.rel1.win32_1.0.200.202406191623/tools/bin/../lib/gcc/arm-none-eabi/12.3.1/../../../../arm-none-eabi/lib/thumb/v7e-m+fp/hard\libc_nano.a(libc_a-strncpy.o)
 .ARM.attributes
                0x000006f7       0x34 D:/STM32CubeIDE_1.16.1/STM32CubeIDE/plugins/com.st.stm32cube.ide.mcu.externaltools.gnu-tools-for-stm32.12.3.rel1.win32_1.0.200.202406191623/tools/bin/../lib/gcc/arm-none-eabi/12.3.1/../../../../arm-none-eabi/lib/thumb/v7e-m+fp/hard\libc_nano.a(libc_a-reent.o)
 .ARM.attributes
                0x0000072b       0x34 D:/STM32CubeIDE_1.16.1/STM32CubeIDE/plugins/com.st.stm32cube.ide.mcu.externaltools.gnu-tools-for-stm32.12.3.rel1.win32_1.0.200.202406191623/tools/bin/../lib/gcc/arm-none-eabi/12.3.1/../../../../arm-none-eabi/lib/thumb/v7e-m+fp/hard\libc_nano.a(libc_a-impure.o)
 .ARM.attributes
                0x0000075f       0x34 D:/STM32CubeIDE_1.16.1/STM32CubeIDE/plugins/com.st.stm32cube.ide.mcu.externaltools.gnu-tools-for-stm32.12.3.rel1.win32_1.0.200.202406191623/tools/bin/../lib/gcc/arm-none-eabi/12.3.1/../../../../arm-none-eabi/lib/thumb/v7e-m+fp/hard\libc_nano.a(libc_a-errno.o)
 .ARM.attributes
                0x00000793       0x34 D:/STM32CubeIDE_1.16.1/STM32CubeIDE/plugins/com.st.stm32cube.ide.mcu.externaltools.gnu-tools-for-stm32.12.3.rel1.win32_1.0.200.202406191623/tools/bin/../lib/gcc/arm-none-eabi/12.3.1/../../../../arm-none-eabi/lib/thumb/v7e-m+fp/hard\libc_nano.a(libc_a-init.o)
 .ARM.attributes
                0x000007c7       0x34 D:/STM32CubeIDE_1.16.1/STM32CubeIDE/plugins/com.st.stm32cube.ide.mcu.externaltools.gnu-tools-for-stm32.12.3.rel1.win32_1.0.200.202406191623/tools/bin/../lib/gcc/arm-none-eabi/12.3.1/../../../../arm-none-eabi/lib/thumb/v7e-m+fp/hard\libc_nano.a(libc_a-lock.o)
 .ARM.attributes
                0x000007fb       0x34 D:/STM32CubeIDE_1.16.1/STM32CubeIDE/plugins/com.st.stm32cube.ide.mcu.externaltools.gnu-tools-for-stm32.12.3.rel1.win32_1.0.200.202406191623/tools/bin/../lib/gcc/arm-none-eabi/12.3.1/../../../../arm-none-eabi/lib/thumb/v7e-m+fp/hard\libc_nano.a(libc_a-memcpy-stub.o)
 .ARM.attributes
                0x0000082f       0x17 D:/STM32CubeIDE_1.16.1/STM32CubeIDE/plugins/com.st.stm32cube.ide.mcu.externaltools.gnu-tools-for-stm32.12.3.rel1.win32_1.0.200.202406191623/tools/bin/../lib/gcc/arm-none-eabi/12.3.1/../../../../arm-none-eabi/lib/thumb/v7e-m+fp/hard\libc_nano.a(libc_a-strlen.o)
 .ARM.attributes
                0x00000846       0x34 D:/STM32CubeIDE_1.16.1/STM32CubeIDE/plugins/com.st.stm32cube.ide.mcu.externaltools.gnu-tools-for-stm32.12.3.rel1.win32_1.0.200.202406191623/tools/bin/../lib/gcc/arm-none-eabi/12.3.1/../../../../arm-none-eabi/lib/thumb/v7e-m+fp/hard\libc_nano.a(libc_a-freer.o)
 .ARM.attributes
                0x0000087a       0x34 D:/STM32CubeIDE_1.16.1/STM32CubeIDE/plugins/com.st.stm32cube.ide.mcu.externaltools.gnu-tools-for-stm32.12.3.rel1.win32_1.0.200.202406191623/tools/bin/../lib/gcc/arm-none-eabi/12.3.1/../../../../arm-none-eabi/lib/thumb/v7e-m+fp/hard\libc_nano.a(libc_a-mallocr.o)
 .ARM.attributes
                0x000008ae       0x34 D:/STM32CubeIDE_1.16.1/STM32CubeIDE/plugins/com.st.stm32cube.ide.mcu.externaltools.gnu-tools-for-stm32.12.3.rel1.win32_1.0.200.202406191623/tools/bin/../lib/gcc/arm-none-eabi/12.3.1/../../../../arm-none-eabi/lib/thumb/v7e-m+fp/hard\libc_nano.a(libc_a-mlock.o)
 .ARM.attributes
                0x000008e2       0x34 D:/STM32CubeIDE_1.16.1/STM32CubeIDE/plugins/com.st.stm32cube.ide.mcu.externaltools.gnu-tools-for-stm32.12.3.rel1.win32_1.0.200.202406191623/tools/bin/../lib/gcc/arm-none-eabi/12.3.1/../../../../arm-none-eabi/lib/thumb/v7e-m+fp/hard\libc_nano.a(libc_a-nano-svfprintf.o)
 .ARM.attributes
                0x00000916       0x34 D:/STM32CubeIDE_1.16.1/STM32CubeIDE/plugins/com.st.stm32cube.ide.mcu.externaltools.gnu-tools-for-stm32.12.3.rel1.win32_1.0.200.202406191623/tools/bin/../lib/gcc/arm-none-eabi/12.3.1/../../../../arm-none-eabi/lib/thumb/v7e-m+fp/hard\libc_nano.a(libc_a-nano-vfprintf_i.o)
 .ARM.attributes
                0x0000094a       0x34 D:/STM32CubeIDE_1.16.1/STM32CubeIDE/plugins/com.st.stm32cube.ide.mcu.externaltools.gnu-tools-for-stm32.12.3.rel1.win32_1.0.200.202406191623/tools/bin/../lib/gcc/arm-none-eabi/12.3.1/../../../../arm-none-eabi/lib/thumb/v7e-m+fp/hard\libc_nano.a(libc_a-memmove.o)
 .ARM.attributes
                0x0000097e       0x34 D:/STM32CubeIDE_1.16.1/STM32CubeIDE/plugins/com.st.stm32cube.ide.mcu.externaltools.gnu-tools-for-stm32.12.3.rel1.win32_1.0.200.202406191623/tools/bin/../lib/gcc/arm-none-eabi/12.3.1/../../../../arm-none-eabi/lib/thumb/v7e-m+fp/hard\libc_nano.a(libc_a-sbrkr.o)
 .ARM.attributes
                0x000009b2       0x1c D:/STM32CubeIDE_1.16.1/STM32CubeIDE/plugins/com.st.stm32cube.ide.mcu.externaltools.gnu-tools-for-stm32.12.3.rel1.win32_1.0.200.202406191623/tools/bin/../lib/gcc/arm-none-eabi/12.3.1/../../../../arm-none-eabi/lib/thumb/v7e-m+fp/hard\libc_nano.a(libc_a-memchr.o)
 .ARM.attributes
                0x000009ce       0x34 D:/STM32CubeIDE_1.16.1/STM32CubeIDE/plugins/com.st.stm32cube.ide.mcu.externaltools.gnu-tools-for-stm32.12.3.rel1.win32_1.0.200.202406191623/tools/bin/../lib/gcc/arm-none-eabi/12.3.1/../../../../arm-none-eabi/lib/thumb/v7e-m+fp/hard\libc_nano.a(libc_a-reallocr.o)
 .ARM.attributes
                0x00000a02       0x34 D:/STM32CubeIDE_1.16.1/STM32CubeIDE/plugins/com.st.stm32cube.ide.mcu.externaltools.gnu-tools-for-stm32.12.3.rel1.win32_1.0.200.202406191623/tools/bin/../lib/gcc/arm-none-eabi/12.3.1/../../../../arm-none-eabi/lib/thumb/v7e-m+fp/hard\libc_nano.a(libc_a-msizer.o)
 .ARM.attributes
                0x00000a36       0x22 D:/STM32CubeIDE_1.16.1/STM32CubeIDE/plugins/com.st.stm32cube.ide.mcu.externaltools.gnu-tools-for-stm32.12.3.rel1.win32_1.0.200.202406191623/tools/bin/../lib/gcc/arm-none-eabi/12.3.1/thumb/v7e-m+fp/hard\libgcc.a(_aeabi_uldivmod.o)
 .ARM.attributes
                0x00000a58       0x34 D:/STM32CubeIDE_1.16.1/STM32CubeIDE/plugins/com.st.stm32cube.ide.mcu.externaltools.gnu-tools-for-stm32.12.3.rel1.win32_1.0.200.202406191623/tools/bin/../lib/gcc/arm-none-eabi/12.3.1/thumb/v7e-m+fp/hard\libgcc.a(_udivmoddi4.o)
 .ARM.attributes
                0x00000a8c       0x22 D:/STM32CubeIDE_1.16.1/STM32CubeIDE/plugins/com.st.stm32cube.ide.mcu.externaltools.gnu-tools-for-stm32.12.3.rel1.win32_1.0.200.202406191623/tools/bin/../lib/gcc/arm-none-eabi/12.3.1/thumb/v7e-m+fp/hard\libgcc.a(_dvmd_tls.o)
 .ARM.attributes
                0x00000aae       0x22 D:/STM32CubeIDE_1.16.1/STM32CubeIDE/plugins/com.st.stm32cube.ide.mcu.externaltools.gnu-tools-for-stm32.12.3.rel1.win32_1.0.200.202406191623/tools/bin/../lib/gcc/arm-none-eabi/12.3.1/thumb/v7e-m+fp/hard/crtn.o
OUTPUT(MIKRO_PROJECT_FINAL.elf elf32-littlearm)
LOAD linker stubs
LOAD D:/STM32CubeIDE_1.16.1/STM32CubeIDE/plugins/com.st.stm32cube.ide.mcu.externaltools.gnu-tools-for-stm32.12.3.rel1.win32_1.0.200.202406191623/tools/bin/../lib/gcc/arm-none-eabi/12.3.1/../../../../arm-none-eabi/lib/thumb/v7e-m+fp/hard\libc.a
LOAD D:/STM32CubeIDE_1.16.1/STM32CubeIDE/plugins/com.st.stm32cube.ide.mcu.externaltools.gnu-tools-for-stm32.12.3.rel1.win32_1.0.200.202406191623/tools/bin/../lib/gcc/arm-none-eabi/12.3.1/../../../../arm-none-eabi/lib/thumb/v7e-m+fp/hard\libm.a
LOAD D:/STM32CubeIDE_1.16.1/STM32CubeIDE/plugins/com.st.stm32cube.ide.mcu.externaltools.gnu-tools-for-stm32.12.3.rel1.win32_1.0.200.202406191623/tools/bin/../lib/gcc/arm-none-eabi/12.3.1/thumb/v7e-m+fp/hard\libgcc.a

.debug_info     0x00000000    0x12fc1
 .debug_info    0x00000000      0x91f ./Core/Src/USART_ringbuffer.o
 .debug_info    0x0000091f      0x1a9 ./Core/Src/crc.o
 .debug_info    0x00000ac8      0x503 ./Core/Src/dma.o
 .debug_info    0x00000fcb     0x1117 ./Core/Src/frame.o
 .debug_info    0x000020e2      0x48f ./Core/Src/gpio.o
 .debug_info    0x00002571      0xa0d ./Core/Src/lcd.o
 .debug_info    0x00002f7e      0xa81 ./Core/Src/main.o
 .debug_info    0x000039ff      0xc5e ./Core/Src/spi.o
 .debug_info    0x0000465d      0x2b9 ./Core/Src/stm32l4xx_hal_msp.o
 .debug_info    0x00004916      0xa5c ./Core/Src/stm32l4xx_it.o
 .debug_info    0x00005372      0x168 ./Core/Src/sysmem.o
 .debug_info    0x000054da      0x5b1 ./Core/Src/system_stm32l4xx.o
 .debug_info    0x00005a8b     0x11a5 ./Core/Src/usart.o
 .debug_info    0x00006c30       0x30 ./Core/Startup/startup_stm32l476rgtx.o
 .debug_info    0x00006c60      0xaeb ./Drivers/STM32L4xx_HAL_Driver/Src/stm32l4xx_hal.o
 .debug_info    0x0000774b      0xd81 ./Drivers/STM32L4xx_HAL_Driver/Src/stm32l4xx_hal_cortex.o
 .debug_info    0x000084cc      0x6f4 ./Drivers/STM32L4xx_HAL_Driver/Src/stm32l4xx_hal_dma.o
 .debug_info    0x00008bc0      0x757 ./Drivers/STM32L4xx_HAL_Driver/Src/stm32l4xx_hal_gpio.o
 .debug_info    0x00009317      0x99e ./Drivers/STM32L4xx_HAL_Driver/Src/stm32l4xx_hal_pwr_ex.o
 .debug_info    0x00009cb5      0xc14 ./Drivers/STM32L4xx_HAL_Driver/Src/stm32l4xx_hal_rcc.o
 .debug_info    0x0000a8c9      0xe11 ./Drivers/STM32L4xx_HAL_Driver/Src/stm32l4xx_hal_rcc_ex.o
 .debug_info    0x0000b6da     0x1549 ./Drivers/STM32L4xx_HAL_Driver/Src/stm32l4xx_hal_spi.o
 .debug_info    0x0000cc23     0x3b69 ./Drivers/STM32L4xx_HAL_Driver/Src/stm32l4xx_hal_uart.o
 .debug_info    0x0001078c      0xdff ./Drivers/STM32L4xx_HAL_Driver/Src/stm32l4xx_hal_uart_ex.o
 .debug_info    0x0001158b      0x40c ./hagl/src/bitmap.o
 .debug_info    0x00011997      0x262 ./hagl/src/clip.o
 .debug_info    0x00011bf9      0x27a ./hagl/src/fontx.o
 .debug_info    0x00011e73     0x114e ./hagl/src/hagl.o

.debug_abbrev   0x00000000     0x35a8
 .debug_abbrev  0x00000000      0x252 ./Core/Src/USART_ringbuffer.o
 .debug_abbrev  0x00000252       0xcc ./Core/Src/crc.o
 .debug_abbrev  0x0000031e       0xfc ./Core/Src/dma.o
 .debug_abbrev  0x0000041a      0x3c1 ./Core/Src/frame.o
 .debug_abbrev  0x000007db      0x152 ./Core/Src/gpio.o
 .debug_abbrev  0x0000092d      0x2a6 ./Core/Src/lcd.o
 .debug_abbrev  0x00000bd3      0x2c0 ./Core/Src/main.o
 .debug_abbrev  0x00000e93      0x214 ./Core/Src/spi.o
 .debug_abbrev  0x000010a7       0xc6 ./Core/Src/stm32l4xx_hal_msp.o
 .debug_abbrev  0x0000116d      0x1bb ./Core/Src/stm32l4xx_it.o
 .debug_abbrev  0x00001328       0xbc ./Core/Src/sysmem.o
 .debug_abbrev  0x000013e4      0x11a ./Core/Src/system_stm32l4xx.o
 .debug_abbrev  0x000014fe      0x24e ./Core/Src/usart.o
 .debug_abbrev  0x0000174c       0x24 ./Core/Startup/startup_stm32l476rgtx.o
 .debug_abbrev  0x00001770      0x242 ./Drivers/STM32L4xx_HAL_Driver/Src/stm32l4xx_hal.o
 .debug_abbrev  0x000019b2      0x31c ./Drivers/STM32L4xx_HAL_Driver/Src/stm32l4xx_hal_cortex.o
 .debug_abbrev  0x00001cce      0x1e4 ./Drivers/STM32L4xx_HAL_Driver/Src/stm32l4xx_hal_dma.o
 .debug_abbrev  0x00001eb2      0x1cb ./Drivers/STM32L4xx_HAL_Driver/Src/stm32l4xx_hal_gpio.o
 .debug_abbrev  0x0000207d      0x1f9 ./Drivers/STM32L4xx_HAL_Driver/Src/stm32l4xx_hal_pwr_ex.o
 .debug_abbrev  0x00002276      0x2cb ./Drivers/STM32L4xx_HAL_Driver/Src/stm32l4xx_hal_rcc.o
 .debug_abbrev  0x00002541      0x2a6 ./Drivers/STM32L4xx_HAL_Driver/Src/stm32l4xx_hal_rcc_ex.o
 .debug_abbrev  0x000027e7      0x260 ./Drivers/STM32L4xx_HAL_Driver/Src/stm32l4xx_hal_spi.o
 .debug_abbrev  0x00002a47      0x2d0 ./Drivers/STM32L4xx_HAL_Driver/Src/stm32l4xx_hal_uart.o
 .debug_abbrev  0x00002d17      0x2be ./Drivers/STM32L4xx_HAL_Driver/Src/stm32l4xx_hal_uart_ex.o
 .debug_abbrev  0x00002fd5       0xfa ./hagl/src/bitmap.o
 .debug_abbrev  0x000030cf       0xf4 ./hagl/src/clip.o
 .debug_abbrev  0x000031c3      0x110 ./hagl/src/fontx.o
 .debug_abbrev  0x000032d3      0x2d5 ./hagl/src/hagl.o

.debug_aranges  0x00000000      0xf68
 .debug_aranges
                0x00000000       0x38 ./Core/Src/USART_ringbuffer.o
 .debug_aranges
                0x00000038       0x20 ./Core/Src/crc.o
 .debug_aranges
                0x00000058       0x20 ./Core/Src/dma.o
 .debug_aranges
                0x00000078       0xc0 ./Core/Src/frame.o
 .debug_aranges
                0x00000138       0x20 ./Core/Src/gpio.o
 .debug_aranges
                0x00000158       0x70 ./Core/Src/lcd.o
 .debug_aranges
                0x000001c8       0x50 ./Core/Src/main.o
 .debug_aranges
                0x00000218       0x30 ./Core/Src/spi.o
 .debug_aranges
                0x00000248       0x20 ./Core/Src/stm32l4xx_hal_msp.o
 .debug_aranges
                0x00000268       0x78 ./Core/Src/stm32l4xx_it.o
 .debug_aranges
                0x000002e0       0x20 ./Core/Src/sysmem.o
 .debug_aranges
                0x00000300       0x28 ./Core/Src/system_stm32l4xx.o
 .debug_aranges
                0x00000328       0x40 ./Core/Src/usart.o
 .debug_aranges
                0x00000368       0x28 ./Core/Startup/startup_stm32l476rgtx.o
 .debug_aranges
                0x00000390      0x130 ./Drivers/STM32L4xx_HAL_Driver/Src/stm32l4xx_hal.o
 .debug_aranges
                0x000004c0      0x128 ./Drivers/STM32L4xx_HAL_Driver/Src/stm32l4xx_hal_cortex.o
 .debug_aranges
                0x000005e8       0x80 ./Drivers/STM32L4xx_HAL_Driver/Src/stm32l4xx_hal_dma.o
 .debug_aranges
                0x00000668       0x58 ./Drivers/STM32L4xx_HAL_Driver/Src/stm32l4xx_hal_gpio.o
 .debug_aranges
                0x000006c0      0x160 ./Drivers/STM32L4xx_HAL_Driver/Src/stm32l4xx_hal_pwr_ex.o
 .debug_aranges
                0x00000820       0x90 ./Drivers/STM32L4xx_HAL_Driver/Src/stm32l4xx_hal_rcc.o
 .debug_aranges
                0x000008b0       0xc0 ./Drivers/STM32L4xx_HAL_Driver/Src/stm32l4xx_hal_rcc_ex.o
 .debug_aranges
                0x00000970      0x1d8 ./Drivers/STM32L4xx_HAL_Driver/Src/stm32l4xx_hal_spi.o
 .debug_aranges
                0x00000b48      0x228 ./Drivers/STM32L4xx_HAL_Driver/Src/stm32l4xx_hal_uart.o
 .debug_aranges
                0x00000d70       0x80 ./Drivers/STM32L4xx_HAL_Driver/Src/stm32l4xx_hal_uart_ex.o
 .debug_aranges
                0x00000df0       0x38 ./hagl/src/bitmap.o
 .debug_aranges
                0x00000e28       0x28 ./hagl/src/clip.o
 .debug_aranges
                0x00000e50       0x28 ./hagl/src/fontx.o
 .debug_aranges
                0x00000e78       0xf0 ./hagl/src/hagl.o

.debug_rnglists
                0x00000000      0xbc6
 .debug_rnglists
                0x00000000       0x26 ./Core/Src/USART_ringbuffer.o
 .debug_rnglists
                0x00000026       0x13 ./Core/Src/crc.o
 .debug_rnglists
                0x00000039       0x13 ./Core/Src/dma.o
 .debug_rnglists
                0x0000004c       0xb3 ./Core/Src/frame.o
 .debug_rnglists
                0x000000ff       0x14 ./Core/Src/gpio.o
 .debug_rnglists
                0x00000113       0x50 ./Core/Src/lcd.o
 .debug_rnglists
                0x00000163       0x38 ./Core/Src/main.o
 .debug_rnglists
                0x0000019b       0x20 ./Core/Src/spi.o
 .debug_rnglists
                0x000001bb       0x13 ./Core/Src/stm32l4xx_hal_msp.o
 .debug_rnglists
                0x000001ce       0x55 ./Core/Src/stm32l4xx_it.o
 .debug_rnglists
                0x00000223       0x13 ./Core/Src/sysmem.o
 .debug_rnglists
                0x00000236       0x1a ./Core/Src/system_stm32l4xx.o
 .debug_rnglists
                0x00000250       0x2d ./Core/Src/usart.o
 .debug_rnglists
                0x0000027d       0x19 ./Core/Startup/startup_stm32l476rgtx.o
 .debug_rnglists
                0x00000296       0xdf ./Drivers/STM32L4xx_HAL_Driver/Src/stm32l4xx_hal.o
 .debug_rnglists
                0x00000375       0xda ./Drivers/STM32L4xx_HAL_Driver/Src/stm32l4xx_hal_cortex.o
 .debug_rnglists
                0x0000044f       0x64 ./Drivers/STM32L4xx_HAL_Driver/Src/stm32l4xx_hal_dma.o
 .debug_rnglists
                0x000004b3       0x3f ./Drivers/STM32L4xx_HAL_Driver/Src/stm32l4xx_hal_gpio.o
 .debug_rnglists
                0x000004f2      0x109 ./Drivers/STM32L4xx_HAL_Driver/Src/stm32l4xx_hal_pwr_ex.o
 .debug_rnglists
                0x000005fb       0x6d ./Drivers/STM32L4xx_HAL_Driver/Src/stm32l4xx_hal_rcc.o
 .debug_rnglists
                0x00000668       0x95 ./Drivers/STM32L4xx_HAL_Driver/Src/stm32l4xx_hal_rcc_ex.o
 .debug_rnglists
                0x000006fd      0x178 ./Drivers/STM32L4xx_HAL_Driver/Src/stm32l4xx_hal_spi.o
 .debug_rnglists
                0x00000875      0x1db ./Drivers/STM32L4xx_HAL_Driver/Src/stm32l4xx_hal_uart.o
 .debug_rnglists
                0x00000a50       0x60 ./Drivers/STM32L4xx_HAL_Driver/Src/stm32l4xx_hal_uart_ex.o
 .debug_rnglists
                0x00000ab0       0x27 ./hagl/src/bitmap.o
 .debug_rnglists
                0x00000ad7       0x1a ./hagl/src/clip.o
 .debug_rnglists
                0x00000af1       0x1a ./hagl/src/fontx.o
 .debug_rnglists
                0x00000b0b       0xbb ./hagl/src/hagl.o

.debug_macro    0x00000000    0x289df
 .debug_macro   0x00000000      0x342 ./Core/Src/USART_ringbuffer.o
 .debug_macro   0x00000342      0xab4 ./Core/Src/USART_ringbuffer.o
 .debug_macro   0x00000df6       0x22 ./Core/Src/USART_ringbuffer.o
 .debug_macro   0x00000e18       0x5b ./Core/Src/USART_ringbuffer.o
 .debug_macro   0x00000e73       0x2a ./Core/Src/USART_ringbuffer.o
 .debug_macro   0x00000e9d       0x94 ./Core/Src/USART_ringbuffer.o
 .debug_macro   0x00000f31       0x43 ./Core/Src/USART_ringbuffer.o
 .debug_macro   0x00000f74       0x34 ./Core/Src/USART_ringbuffer.o
 .debug_macro   0x00000fa8      0x189 ./Core/Src/USART_ringbuffer.o
 .debug_macro   0x00001131       0x16 ./Core/Src/USART_ringbuffer.o
 .debug_macro   0x00001147       0x43 ./Core/Src/USART_ringbuffer.o
 .debug_macro   0x0000118a       0x57 ./Core/Src/USART_ringbuffer.o
 .debug_macro   0x000011e1       0x34 ./Core/Src/USART_ringbuffer.o
 .debug_macro   0x00001215       0x10 ./Core/Src/USART_ringbuffer.o
 .debug_macro   0x00001225       0x58 ./Core/Src/USART_ringbuffer.o
 .debug_macro   0x0000127d       0x8e ./Core/Src/USART_ringbuffer.o
 .debug_macro   0x0000130b       0x1c ./Core/Src/USART_ringbuffer.o
 .debug_macro   0x00001327      0x177 ./Core/Src/USART_ringbuffer.o
 .debug_macro   0x0000149e      0x369 ./Core/Src/USART_ringbuffer.o
 .debug_macro   0x00001807       0x10 ./Core/Src/USART_ringbuffer.o
 .debug_macro   0x00001817       0x35 ./Core/Src/USART_ringbuffer.o
 .debug_macro   0x0000184c       0x20 ./Core/Src/USART_ringbuffer.o
 .debug_macro   0x0000186c       0x58 ./Core/Src/USART_ringbuffer.o
 .debug_macro   0x000018c4       0x1c ./Core/Src/USART_ringbuffer.o
 .debug_macro   0x000018e0       0x1c ./Core/Src/USART_ringbuffer.o
 .debug_macro   0x000018fc       0x16 ./Core/Src/USART_ringbuffer.o
 .debug_macro   0x00001912      0x146 ./Core/Src/USART_ringbuffer.o
 .debug_macro   0x00001a58      0x1a7 ./Core/Src/USART_ringbuffer.o
 .debug_macro   0x00001bff       0x2e ./Core/Src/USART_ringbuffer.o
 .debug_macro   0x00001c2d       0x28 ./Core/Src/USART_ringbuffer.o
 .debug_macro   0x00001c55      0x103 ./Core/Src/USART_ringbuffer.o
 .debug_macro   0x00001d58       0x6a ./Core/Src/USART_ringbuffer.o
 .debug_macro   0x00001dc2      0x1df ./Core/Src/USART_ringbuffer.o
 .debug_macro   0x00001fa1       0x1c ./Core/Src/USART_ringbuffer.o
 .debug_macro   0x00001fbd       0x22 ./Core/Src/USART_ringbuffer.o
 .debug_macro   0x00001fdf       0xfb ./Core/Src/USART_ringbuffer.o
 .debug_macro   0x000020da     0x1011 ./Core/Src/USART_ringbuffer.o
 .debug_macro   0x000030eb      0x11f ./Core/Src/USART_ringbuffer.o
 .debug_macro   0x0000320a    0x1a17a ./Core/Src/USART_ringbuffer.o
 .debug_macro   0x0001d384       0x6d ./Core/Src/USART_ringbuffer.o
 .debug_macro   0x0001d3f1     0x38fb ./Core/Src/USART_ringbuffer.o
 .debug_macro   0x00020cec       0x56 ./Core/Src/USART_ringbuffer.o
 .debug_macro   0x00020d42     0x159e ./Core/Src/USART_ringbuffer.o
 .debug_macro   0x000222e0      0x5a5 ./Core/Src/USART_ringbuffer.o
 .debug_macro   0x00022885      0x1b9 ./Core/Src/USART_ringbuffer.o
 .debug_macro   0x00022a3e      0x18b ./Core/Src/USART_ringbuffer.o
 .debug_macro   0x00022bc9      0x26b ./Core/Src/USART_ringbuffer.o
 .debug_macro   0x00022e34      0x23d ./Core/Src/USART_ringbuffer.o
 .debug_macro   0x00023071      0x241 ./Core/Src/USART_ringbuffer.o
 .debug_macro   0x000232b2      0x37c ./Core/Src/USART_ringbuffer.o
 .debug_macro   0x0002362e       0xd6 ./Core/Src/USART_ringbuffer.o
 .debug_macro   0x00023704      0x122 ./Core/Src/USART_ringbuffer.o
 .debug_macro   0x00023826      0x3ef ./Core/Src/USART_ringbuffer.o
 .debug_macro   0x00023c15      0x2fe ./Core/Src/USART_ringbuffer.o
 .debug_macro   0x00023f13      0x5cf ./Core/Src/USART_ringbuffer.o
 .debug_macro   0x000244e2       0x44 ./Core/Src/USART_ringbuffer.o
 .debug_macro   0x00024526      0x330 ./Core/Src/USART_ringbuffer.o
 .debug_macro   0x00024856       0x4c ./Core/Src/USART_ringbuffer.o
 .debug_macro   0x000248a2       0x10 ./Core/Src/USART_ringbuffer.o
 .debug_macro   0x000248b2       0x22 ./Core/Src/USART_ringbuffer.o
 .debug_macro   0x000248d4       0x16 ./Core/Src/USART_ringbuffer.o
 .debug_macro   0x000248ea       0x16 ./Core/Src/USART_ringbuffer.o
 .debug_macro   0x00024900       0x29 ./Core/Src/USART_ringbuffer.o
 .debug_macro   0x00024929       0x22 ./Core/Src/USART_ringbuffer.o
 .debug_macro   0x0002494b       0x3c ./Core/Src/USART_ringbuffer.o
 .debug_macro   0x00024987       0x32 ./Core/Src/USART_ringbuffer.o
 .debug_macro   0x000249b9       0x7c ./Core/Src/USART_ringbuffer.o
 .debug_macro   0x00024a35      0x1e2 ./Core/Src/crc.o
 .debug_macro   0x00024c17       0x8e ./Core/Src/crc.o
 .debug_macro   0x00024ca5       0x51 ./Core/Src/crc.o
 .debug_macro   0x00024cf6       0x61 ./Core/Src/crc.o
 .debug_macro   0x00024d57       0x16 ./Core/Src/crc.o
 .debug_macro   0x00024d6d       0x10 ./Core/Src/crc.o
 .debug_macro   0x00024d7d       0x16 ./Core/Src/crc.o
 .debug_macro   0x00024d93       0x16 ./Core/Src/crc.o
 .debug_macro   0x00024da9       0x4c ./Core/Src/crc.o
 .debug_macro   0x00024df5      0x1da ./Core/Src/dma.o
 .debug_macro   0x00024fcf       0x5c ./Core/Src/dma.o
 .debug_macro   0x0002502b      0x3e1 ./Core/Src/frame.o
 .debug_macro   0x0002540c       0x9a ./Core/Src/frame.o
 .debug_macro   0x000254a6       0x10 ./Core/Src/frame.o
 .debug_macro   0x000254b6       0x1c ./Core/Src/frame.o
 .debug_macro   0x000254d2       0x28 ./Core/Src/frame.o
 .debug_macro   0x000254fa      0x11f ./Core/Src/frame.o
 .debug_macro   0x00025619      0x19b ./Core/Src/frame.o
 .debug_macro   0x000257b4      0x1da ./Core/Src/gpio.o
 .debug_macro   0x0002598e      0x36d ./Core/Src/lcd.o
 .debug_macro   0x00025cfb      0x39c ./Core/Src/main.o
 .debug_macro   0x00026097      0x1da ./Core/Src/spi.o
 .debug_macro   0x00026271      0x1d0 ./Core/Src/stm32l4xx_hal_msp.o
 .debug_macro   0x00026441      0x34c ./Core/Src/stm32l4xx_it.o
 .debug_macro   0x0002678d       0xff ./Core/Src/sysmem.o
 .debug_macro   0x0002688c      0x23c ./Core/Src/sysmem.o
 .debug_macro   0x00026ac8      0x1c1 ./Core/Src/system_stm32l4xx.o
 .debug_macro   0x00026c89      0x2f9 ./Core/Src/usart.o
 .debug_macro   0x00026f82      0x20f ./Drivers/STM32L4xx_HAL_Driver/Src/stm32l4xx_hal.o
 .debug_macro   0x00027191      0x1c1 ./Drivers/STM32L4xx_HAL_Driver/Src/stm32l4xx_hal_cortex.o
 .debug_macro   0x00027352      0x1c1 ./Drivers/STM32L4xx_HAL_Driver/Src/stm32l4xx_hal_dma.o
 .debug_macro   0x00027513      0x1c8 ./Drivers/STM32L4xx_HAL_Driver/Src/stm32l4xx_hal_gpio.o
 .debug_macro   0x000276db      0x1e5 ./Drivers/STM32L4xx_HAL_Driver/Src/stm32l4xx_hal_pwr_ex.o
 .debug_macro   0x000278c0      0x203 ./Drivers/STM32L4xx_HAL_Driver/Src/stm32l4xx_hal_rcc.o
 .debug_macro   0x00027ac3      0x1f7 ./Drivers/STM32L4xx_HAL_Driver/Src/stm32l4xx_hal_rcc_ex.o
 .debug_macro   0x00027cba      0x1c9 ./Drivers/STM32L4xx_HAL_Driver/Src/stm32l4xx_hal_spi.o
 .debug_macro   0x00027e83      0x1ec ./Drivers/STM32L4xx_HAL_Driver/Src/stm32l4xx_hal_uart.o
 .debug_macro   0x0002806f      0x1c1 ./Drivers/STM32L4xx_HAL_Driver/Src/stm32l4xx_hal_uart_ex.o
 .debug_macro   0x00028230      0x17a ./hagl/src/bitmap.o
 .debug_macro   0x000283aa      0x11c ./hagl/src/bitmap.o
 .debug_macro   0x000284c6       0x94 ./hagl/src/bitmap.o
 .debug_macro   0x0002855a       0x76 ./hagl/src/clip.o
 .debug_macro   0x000285d0      0x147 ./hagl/src/fontx.o
 .debug_macro   0x00028717       0x4c ./hagl/src/fontx.o
 .debug_macro   0x00028763      0x23e ./hagl/src/hagl.o
 .debug_macro   0x000289a1       0x1c ./hagl/src/hagl.o
 .debug_macro   0x000289bd       0x22 ./hagl/src/hagl.o

.debug_line     0x00000000    0x1643d
 .debug_line    0x00000000      0xa42 ./Core/Src/USART_ringbuffer.o
 .debug_line    0x00000a42      0x64b ./Core/Src/crc.o
 .debug_line    0x0000108d      0x73f ./Core/Src/dma.o
 .debug_line    0x000017cc     0x1252 ./Core/Src/frame.o
 .debug_line    0x00002a1e      0x786 ./Core/Src/gpio.o
 .debug_line    0x000031a4      0xa7a ./Core/Src/lcd.o
 .debug_line    0x00003c1e      0xb0b ./Core/Src/main.o
 .debug_line    0x00004729      0x7f6 ./Core/Src/spi.o
 .debug_line    0x00004f1f      0x744 ./Core/Src/stm32l4xx_hal_msp.o
 .debug_line    0x00005663      0xa1d ./Core/Src/stm32l4xx_it.o
 .debug_line    0x00006080      0x574 ./Core/Src/sysmem.o
 .debug_line    0x000065f4      0x7de ./Core/Src/system_stm32l4xx.o
 .debug_line    0x00006dd2      0x9e5 ./Core/Src/usart.o
 .debug_line    0x000077b7       0x7a ./Core/Startup/startup_stm32l476rgtx.o
 .debug_line    0x00007831      0xb39 ./Drivers/STM32L4xx_HAL_Driver/Src/stm32l4xx_hal.o
 .debug_line    0x0000836a      0xd02 ./Drivers/STM32L4xx_HAL_Driver/Src/stm32l4xx_hal_cortex.o
 .debug_line    0x0000906c      0xd3e ./Drivers/STM32L4xx_HAL_Driver/Src/stm32l4xx_hal_dma.o
 .debug_line    0x00009daa      0xbc5 ./Drivers/STM32L4xx_HAL_Driver/Src/stm32l4xx_hal_gpio.o
 .debug_line    0x0000a96f      0xd2b ./Drivers/STM32L4xx_HAL_Driver/Src/stm32l4xx_hal_pwr_ex.o
 .debug_line    0x0000b69a      0xfb2 ./Drivers/STM32L4xx_HAL_Driver/Src/stm32l4xx_hal_rcc.o
 .debug_line    0x0000c64c     0x1524 ./Drivers/STM32L4xx_HAL_Driver/Src/stm32l4xx_hal_rcc_ex.o
 .debug_line    0x0000db70     0x200f ./Drivers/STM32L4xx_HAL_Driver/Src/stm32l4xx_hal_spi.o
 .debug_line    0x0000fb7f     0x324b ./Drivers/STM32L4xx_HAL_Driver/Src/stm32l4xx_hal_uart.o
 .debug_line    0x00012dca      0xc3f ./Drivers/STM32L4xx_HAL_Driver/Src/stm32l4xx_hal_uart_ex.o
 .debug_line    0x00013a09      0x99f ./hagl/src/bitmap.o
 .debug_line    0x000143a8      0x5df ./hagl/src/clip.o
 .debug_line    0x00014987      0x6b0 ./hagl/src/fontx.o
 .debug_line    0x00015037     0x1406 ./hagl/src/hagl.o

.debug_str      0x00000000    0xec313
 .debug_str     0x00000000    0xe66cf ./Core/Src/USART_ringbuffer.o
                              0xe6a53 (size before relaxing)
 .debug_str     0x000e66cf       0x46 ./Core/Src/crc.o
                               0x7cd1 (size before relaxing)
 .debug_str     0x000e6715      0x5bd ./Core/Src/dma.o
                              0xe2f29 (size before relaxing)
 .debug_str     0x000e6cd2     0x19a9 ./Core/Src/frame.o
                              0xe7f1e (size before relaxing)
 .debug_str     0x000e867b       0x6a ./Core/Src/gpio.o
                              0xe2ae9 (size before relaxing)
 .debug_str     0x000e86e5      0x24e ./Core/Src/lcd.o
                              0xe6c72 (size before relaxing)
 .debug_str     0x000e8933      0x2c3 ./Core/Src/main.o
                              0xe713f (size before relaxing)
 .debug_str     0x000e8bf6       0x98 ./Core/Src/spi.o
                              0xe3465 (size before relaxing)
 .debug_str     0x000e8c8e       0x2c ./Core/Src/stm32l4xx_hal_msp.o
                              0xe2a19 (size before relaxing)
 .debug_str     0x000e8cba      0x13e ./Core/Src/stm32l4xx_it.o
                              0xe6bc4 (size before relaxing)
 .debug_str     0x000e8df8      0x4dc ./Core/Src/sysmem.o
                               0x60d8 (size before relaxing)
 .debug_str     0x000e92d4       0x9e ./Core/Src/system_stm32l4xx.o
                              0xe29f9 (size before relaxing)
 .debug_str     0x000e9372      0x30f ./Core/Src/usart.o
                              0xe731c (size before relaxing)
 .debug_str     0x000e9681       0x44 ./Core/Startup/startup_stm32l476rgtx.o
                                 0x8b (size before relaxing)
 .debug_str     0x000e96c5      0x61c ./Drivers/STM32L4xx_HAL_Driver/Src/stm32l4xx_hal.o
                              0xe358c (size before relaxing)
 .debug_str     0x000e9ce1      0x305 ./Drivers/STM32L4xx_HAL_Driver/Src/stm32l4xx_hal_cortex.o
                              0xe3272 (size before relaxing)
 .debug_str     0x000e9fe6      0x229 ./Drivers/STM32L4xx_HAL_Driver/Src/stm32l4xx_hal_dma.o
                              0xe2c63 (size before relaxing)
 .debug_str     0x000ea20f      0x123 ./Drivers/STM32L4xx_HAL_Driver/Src/stm32l4xx_hal_gpio.o
                              0xe2b72 (size before relaxing)
 .debug_str     0x000ea332      0x4e3 ./Drivers/STM32L4xx_HAL_Driver/Src/stm32l4xx_hal_pwr_ex.o
                              0xe2f54 (size before relaxing)
 .debug_str     0x000ea815      0x3ac ./Drivers/STM32L4xx_HAL_Driver/Src/stm32l4xx_hal_rcc.o
                              0xe303f (size before relaxing)
 .debug_str     0x000eabc1      0x3bf ./Drivers/STM32L4xx_HAL_Driver/Src/stm32l4xx_hal_rcc_ex.o
                              0xe31b8 (size before relaxing)
 .debug_str     0x000eaf80      0x532 ./Drivers/STM32L4xx_HAL_Driver/Src/stm32l4xx_hal_spi.o
                              0xe3214 (size before relaxing)
 .debug_str     0x000eb4b2      0x82d ./Drivers/STM32L4xx_HAL_Driver/Src/stm32l4xx_hal_uart.o
                              0xe3751 (size before relaxing)
 .debug_str     0x000ebcdf      0x1f7 ./Drivers/STM32L4xx_HAL_Driver/Src/stm32l4xx_hal_uart_ex.o
                              0xe2f7d (size before relaxing)
 .debug_str     0x000ebed6       0x9f ./hagl/src/bitmap.o
                               0x7c1e (size before relaxing)
 .debug_str     0x000ebf75       0x68 ./hagl/src/clip.o
                               0x3dfe (size before relaxing)
 .debug_str     0x000ebfdd      0x150 ./hagl/src/fontx.o
                               0x739f (size before relaxing)
 .debug_str     0x000ec12d      0x1e6 ./hagl/src/hagl.o
                               0x89ab (size before relaxing)

.comment        0x00000000       0x43
 .comment       0x00000000       0x43 ./Core/Src/USART_ringbuffer.o
                                 0x44 (size before relaxing)
 .comment       0x00000043       0x44 ./Core/Src/crc.o
 .comment       0x00000043       0x44 ./Core/Src/dma.o
 .comment       0x00000043       0x44 ./Core/Src/frame.o
 .comment       0x00000043       0x44 ./Core/Src/gpio.o
 .comment       0x00000043       0x44 ./Core/Src/lcd.o
 .comment       0x00000043       0x44 ./Core/Src/main.o
 .comment       0x00000043       0x44 ./Core/Src/spi.o
 .comment       0x00000043       0x44 ./Core/Src/stm32l4xx_hal_msp.o
 .comment       0x00000043       0x44 ./Core/Src/stm32l4xx_it.o
 .comment       0x00000043       0x44 ./Core/Src/sysmem.o
 .comment       0x00000043       0x44 ./Core/Src/system_stm32l4xx.o
 .comment       0x00000043       0x44 ./Core/Src/usart.o