C:/Users/doria/STM32CubeIDE/workspace_1.16.1/MIKRO_PROJECT_FINAL/hagl/include/rgb888.h:49:19:min	16	static
C:/Users/doria/STM32CubeIDE/workspace_1.16.1/MIKRO_PROJECT_FINAL/hagl/include/rgb888.h:56:19:max	16	static
../hagl/src/hagl.c:65:6:hagl_set_clip_window	16	static
../hagl/src/hagl.c:72:6:hagl_put_pixel	16	static
../hagl/src/hagl.c:88:9:hagl_get_pixel	16	static
../hagl/src/hagl.c:107:6:hagl_draw_hline	32	static
../hagl/src/hagl.c:142:6:hagl_draw_vline	32	static
../hagl/src/hagl.c:176:6:hagl_draw_line	56	static
../hagl/src/hagl.c:220:6:hagl_draw_rectangle	32	static
../hagl/src/hagl.c:258:6:hagl_fill_rectangle	32	static
../hagl/src/hagl.c:302:9:hagl_get_glyph	40	static
../hagl/src/hagl.c:337:9:hagl_put_char	72	static
../hagl/src/hagl.c:398:10:hagl_put_text	56	static
../hagl/src/hagl.c:430:6:hagl_blit	32	static
../hagl/src/hagl.c:466:6:hagl_scale_blit	48	static
../hagl/src/hagl.c:486:6:hagl_clear_screen	24	static
../hagl/src/hagl.c:501:6:hagl_clear_clip_window	24	static
../hagl/src/hagl.c:508:6:hagl_draw_circle	32	static
../hagl/src/hagl.c:543:6:hagl_fill_circle	32	static
../hagl/src/hagl.c:566:6:hagl_draw_polygon	40	static
../hagl/src/hagl.c:587:6:hagl_fill_polygon	184	static
../hagl/src/hagl.c:654:6:hagl_draw_triangle	40	static
../hagl/src/hagl.c:659:6:hagl_fill_triangle	40	static
../hagl/src/hagl.c:664:6:hagl_draw_rounded_rectangle	40	static
../hagl/src/hagl.c:735:6:hagl_fill_rounded_rectangle	48	static
../hagl/src/hagl.c:818:9:hagl_color	16	static
../hagl/src/hagl.c:827:11:hagl_init	8	static
../hagl/src/hagl.c:838:8:hagl_flush	4	static
../hagl/src/hagl.c:846:6:hagl_close	4	static
