../Core/Src/frame.c:31:13:stopAnimation	4	static
../Core/Src/frame.c:36:13:copyToBuffer	8	static
../Core/Src/frame.c:42:13:safeCompare	24	static
../Core/Src/frame.c:78:6:parseColor	24	static
../Core/Src/frame.c:108:13:resetFrameState	4	static
../Core/Src/frame.c:156:6:parseParameters	116	static
../Core/Src/frame.c:250:6:clearFrame	16	static
../Core/Src/frame.c:283:13:executeONK	40	static
../Core/Src/frame.c:327:13:executeONP	48	static
../Core/Src/frame.c:371:13:executeONT	72	static
../Core/Src/frame.c:421:13:executeONN	88	static
../Core/Src/frame.c:474:13:executeOFF	16	static
../Core/Src/frame.c:509:6:isWithinBounds	16	static
../Core/Src/frame.c:537:6:parseCoordinates	160	static
../Core/Src/frame.c:590:8:byteStuffing	32	static
../Core/Src/frame.c:642:6:prepareFrame	212	static
../Core/Src/frame.c:738:6:decodeFrame	32	static
../Core/Src/frame.c:789:6:processReceivedChar	16	static
../Core/Src/frame.c:874:6:handleCommand	88	static
../Core/Src/frame.c:922:6:updateScrollingText	32	static
