../Core/Src/frame.c:31:13:stopAnimation	4	static
../Core/Src/frame.c:36:13:copyToBuffer	8	static
../Core/Src/frame.c:42:13:safeCompare	24	static
../Core/Src/frame.c:78:6:parseColor	24	static
../Core/Src/frame.c:108:13:resetFrameState	4	static
../Core/Src/frame.c:155:6:parseParameters	116	static
../Core/Src/frame.c:247:6:clearFrame	16	static
../Core/Src/frame.c:280:13:executeONK	40	static
../Core/Src/frame.c:324:13:executeONP	48	static
../Core/Src/frame.c:368:13:executeONT	72	static
../Core/Src/frame.c:418:13:executeONN	88	static
../Core/Src/frame.c:471:13:executeOFF	16	static
../Core/Src/frame.c:506:6:isWithinBounds	16	static
../Core/Src/frame.c:534:6:parseCoordinates	160	static
../Core/Src/frame.c:587:8:byteStuffing	32	static
../Core/Src/frame.c:639:6:prepareFrame	212	static
../Core/Src/frame.c:735:6:decodeFrame	32	static
../Core/Src/frame.c:786:6:processReceivedChar	16	static
../Core/Src/frame.c:871:6:handleCommand	88	static
../Core/Src/frame.c:919:6:updateScrollingText	32	static
