../Core/Src/frame.c:37:13:resetFrameState	4	static
../Core/Src/frame.c:43:13:stopAnimation	4	static
../Core/Src/frame.c:48:13:isWithinBounds	16	static
../Core/Src/frame.c:54:13:safeCompare	24	static
../Core/Src/frame.c:65:13:isValidTriangle	32	static
../Core/Src/frame.c:84:13:sendStatus	24	static
../Core/Src/frame.c:90:13:clearFrame	16	static
../Core/Src/frame.c:97:13:parseCoordinates	24	static
../Core/Src/frame.c:104:13:parseColor	24	static
../Core/Src/frame.c:120:13:parseParameters	108	static
../Core/Src/frame.c:194:13:decodeFrame	32	static
../Core/Src/frame.c:226:15:byteStuffing	32	static
../Core/Src/frame.c:251:13:executeONK	40	static
../Core/Src/frame.c:271:13:executeONP	48	static
../Core/Src/frame.c:292:13:executeONT	72	static
../Core/Src/frame.c:316:13:executeONN	88	static
../Core/Src/frame.c:352:13:executeOFF	16	static
../Core/Src/frame.c:371:6:prepareFrame	988	static
../Core/Src/frame.c:415:6:processReceivedChar	16	static
../Core/Src/frame.c:456:6:handleCommand	80	static
../Core/Src/frame.c:500:6:updateScrollingText	32	static
