../Core/Src/frame.c:30:13:debugData	296	static
../Core/Src/frame.c:59:13:stopAnimation	4	static
../Core/Src/frame.c:64:13:copyToBuffer	8	static
../Core/Src/frame.c:70:13:safeCompare	24	static
../Core/Src/frame.c:106:6:parseColor	24	static
../Core/Src/frame.c:136:13:resetFrameState	4	static
../Core/Src/frame.c:196:10:debugData	136	static
../Core/Src/frame.c:183:6:parseParameters	108	static
../Core/Src/frame.c:283:6:clearFrame	16	static
../Core/Src/frame.c:316:13:executeONK	40	static
../Core/Src/frame.c:360:13:executeONP	48	static
../Core/Src/frame.c:404:13:executeONT	72	static
../Core/Src/frame.c:454:13:executeONN	88	static
../Core/Src/frame.c:508:13:executeOFF	16	static
../Core/Src/frame.c:543:6:isWithinBounds	16	static
../Core/Src/frame.c:571:6:parseCoordinates	24	static
../Core/Src/frame.c:610:8:byteStuffing	32	static
../Core/Src/frame.c:662:6:prepareFrame	212	static
../Core/Src/frame.c:758:6:decodeFrame	32	static
../Core/Src/frame.c:830:6:processReceivedChar	16	static
../Core/Src/frame.c:915:6:handleCommand	88	static
../Core/Src/frame.c:963:6:updateScrollingText	32	static
