../Core/Src/frame.c:30:13:debugData	296	static
../Core/Src/frame.c:59:13:stopAnimation	4	static
../Core/Src/frame.c:64:13:copyToBuffer	8	static
../Core/Src/frame.c:70:13:safeCompare	24	static
../Core/Src/frame.c:106:6:parseColor	24	static
../Core/Src/frame.c:136:13:resetFrameState	4	static
../Core/Src/frame.c:196:10:debugData	136	static
../Core/Src/frame.c:183:6:parseParameters	124	static
../Core/Src/frame.c:301:6:clearFrame	16	static
../Core/Src/frame.c:334:13:executeONK	40	static
../Core/Src/frame.c:378:13:executeONP	48	static
../Core/Src/frame.c:422:13:executeONT	72	static
../Core/Src/frame.c:472:13:executeONN	88	static
../Core/Src/frame.c:526:13:executeOFF	24	static
../Core/Src/frame.c:563:6:isWithinBounds	16	static
../Core/Src/frame.c:591:6:parseCoordinates	24	static
../Core/Src/frame.c:630:8:byteStuffing	32	static
../Core/Src/frame.c:682:6:prepareFrame	212	static
../Core/Src/frame.c:778:6:decodeFrame	32	static
../Core/Src/frame.c:850:6:processReceivedChar	16	static
../Core/Src/frame.c:935:6:handleCommand	88	static
../Core/Src/frame.c:983:6:updateScrollingText	32	static
