../Core/Src/frame.c:31:13:stopAnimation	4	static
../Core/Src/frame.c:36:13:copyToBuffer	8	static
../Core/Src/frame.c:42:13:safeCompare	24	static
../Core/Src/frame.c:78:6:parseColor	24	static
../Core/Src/frame.c:108:13:resetFrameState	4	static
../Core/Src/frame.c:155:6:parseParameters	116	static
../Core/Src/frame.c:247:6:clearFrame	16	static
../Core/Src/frame.c:280:13:executeONK	40	static
../Core/Src/frame.c:324:13:executeONP	48	static
../Core/Src/frame.c:368:13:executeONT	72	static
../Core/Src/frame.c:418:13:executeONN	88	static
../Core/Src/frame.c:472:13:executeOFF	16	static
../Core/Src/frame.c:507:6:isWithinBounds	16	static
../Core/Src/frame.c:535:6:parseCoordinates	160	static
../Core/Src/frame.c:588:8:byteStuffing	32	static
../Core/Src/frame.c:640:6:prepareFrame	212	static
../Core/Src/frame.c:736:6:decodeFrame	32	static
../Core/Src/frame.c:787:6:processReceivedChar	16	static
../Core/Src/frame.c:872:6:handleCommand	88	static
../Core/Src/frame.c:920:6:updateScrollingText	32	static
